10.81.137.207 - - [11/Nov/2020:01:06:24 +0100] "GET /~avats/common_style.css HTTP/1.1" 200 3686 "http://clabsql.clamv.jacobs-university.de/~avats/" "Mozilla/5.0 (X11; Linux x86_64) AppleWebKit/537.36 (KHTML, like Gecko) Chrome/85.0.4183.83 Safari/537.36"

10.81.161.56 - - [13/Nov/2020:21:02:38 +0100] "GET /~avats/maintenance.php HTTP/1.1" 200 2395 "http://clabsql.clamv.jacobs-university.de/~avats/admin_login.php" "Mozilla/5.0 (Windows NT 10.0; Win64; x64) AppleWebKit/537.36 (KHTML, like Gecko) Chrome/86.0.4240.193 Safari/537.36"

10.222.131.86 - - [13/Nov/2020:12:07:08 +0100] "GET /~avats HTTP/1.1" 301 257 "-" "Mozilla/5.0 (Macintosh; Intel Mac OS X 11_0_0) AppleWebKit/537.36 (KHTML, like Gecko) Chrome/86.0.4240.193 Safari/537.36"

10.81.139.23 - - [13/Nov/2020:21:10:19 +0100] "GET /~avats/Info_for_sub_type.php HTTP/1.1" 200 2711 "http://clabsql.clamv.jacobs-university.de/~avats/search_pages.php" "Mozilla/5.0 (Macintosh; Intel Mac OS X 10_15_7) AppleWebKit/537.36 (KHTML, like Gecko) Chrome/86.0.4240.111 Safari/537.36"

10.222.130.225 - - [10/Nov/2020:19:30:53 +0100] "GET /~avats/maintenance.php HTTP/1.1" 302 2425 "http://clabsql.clamv.jacobs-university.de/~avats/index.php" "Mozilla/5.0 (Macintosh; Intel Mac OS X 10_15_7) AppleWebKit/537.36 (KHTML, like Gecko) Chrome/86.0.4240.111 Safari/537.36"

10.81.139.23 - - [13/Nov/2020:21:02:35 +0100] "GET /~avats/registration.php HTTP/1.1" 200 3743 "http://clabsql.clamv.jacobs-university.de/~avats/maintenance.php" "Mozilla/5.0 (Macintosh; Intel Mac OS X 10_15_7) AppleWebKit/537.36 (KHTML, like Gecko) Chrome/86.0.4240.111 Safari/537.36"

10.81.159.225 - - [11/Nov/2020:09:22:39 +0100] "GET /~avats/related_account.php HTTP/1.1" 200 6604 "http://clabsql.clamv.jacobs-university.de/~avats/maintenance.php" "Mozilla/5.0 (Macintosh; Intel Mac OS X 10_15_7) AppleWebKit/605.1.15 (KHTML, like Gecko) Version/14.0 Safari/605.1.15"

10.81.159.225 - - [11/Nov/2020:09:22:10 +0100] "GET /~avats/success.php HTTP/1.1" 404 1227 "http://clabsql.clamv.jacobs-university.de/~avats/related_account.php" "Mozilla/5.0 (Macintosh; Intel Mac OS X 10_15_7) AppleWebKit/605.1.15 (KHTML, like Gecko) Version/14.0 Safari/605.1.15"

10.222.130.225 - - [10/Nov/2020:19:26:56 +0100] "GET /~avats/maintenance.php HTTP/1.1" 302 2425 "-" "Mozilla/5.0 (Macintosh; Intel Mac OS X 10_15_7) AppleWebKit/537.36 (KHTML, like Gecko) Chrome/86.0.4240.111 Safari/537.36"

10.81.159.225 - - [11/Nov/2020:09:21:56 +0100] "GET /~avats/magazine.php HTTP/1.1" 200 3197 "http://clabsql.clamv.jacobs-university.de/~avats/general_account.php" "Mozilla/5.0 (Macintosh; Intel Mac OS X 10_15_7) AppleWebKit/605.1.15 (KHTML, like Gecko) Version/14.0 Safari/605.1.15"

10.81.161.56 - - [13/Nov/2020:21:16:05 +0100] "POST /~avats/view_account_details.php HTTP/1.1" 200 2732 "http://clabsql.clamv.jacobs-university.de/~avats/view_account_details.php" "Mozilla/5.0 (Windows NT 10.0; Win64; x64) AppleWebKit/537.36 (KHTML, like Gecko) Chrome/86.0.4240.193 Safari/537.36"

10.81.159.225 - - [12/Nov/2020:22:14:41 +0100] "GET /~avats/view_account_details.php HTTP/1.1" 200 2499 "http://clabsql.clamv.jacobs-university.de/~avats/search_pages.php" "Mozilla/5.0 (Macintosh; Intel Mac OS X 10_15_7) AppleWebKit/605.1.15 (KHTML, like Gecko) Version/14.0 Safari/605.1.15"

10.81.159.225 - - [12/Nov/2020:22:15:20 +0100] "GET /~avats/search_pages.php HTTP/1.1" 200 2360 "http://clabsql.clamv.jacobs-university.de/~avats/show_general_accounts.php" "Mozilla/5.0 (Macintosh; Intel Mac OS X 10_15_7) AppleWebKit/605.1.15 (KHTML, like Gecko) Version/14.0 Safari/605.1.15"

10.81.139.23 - - [13/Nov/2020:21:02:26 +0100] "GET /~avats/common_style.css HTTP/1.1" 304 - "http://clabsql.clamv.jacobs-university.de/~avats/admin_login.php?status=sign_in_required" "Mozilla/5.0 (Macintosh; Intel Mac OS X 10_15_7) AppleWebKit/537.36 (KHTML, like Gecko) Chrome/86.0.4240.111 Safari/537.36"

10.222.130.225 - - [10/Nov/2020:19:26:56 +0100] "GET /~avats/admin_login.php?status=sign_in_required HTTP/1.1" 200 2262 "-" "Mozilla/5.0 (Macintosh; Intel Mac OS X 10_15_7) AppleWebKit/537.36 (KHTML, like Gecko) Chrome/86.0.4240.111 Safari/537.36"

10.81.137.207 - - [11/Nov/2020:01:10:10 +0100] "GET /~avats/show_general_accounts.php HTTP/1.1" 200 2087 "http://clabsql.clamv.jacobs-university.de/~avats/view_account_details.php" "Mozilla/5.0 (X11; Linux x86_64) AppleWebKit/537.36 (KHTML, like Gecko) Chrome/85.0.4183.83 Safari/537.36"

10.81.139.23 - - [13/Nov/2020:21:16:28 +0100] "GET /~avats/search_pages.php HTTP/1.1" 200 2360 "http://clabsql.clamv.jacobs-university.de/~avats/view_account_details.php" "Mozilla/5.0 (Macintosh; Intel Mac OS X 10_15_7) AppleWebKit/537.36 (KHTML, like Gecko) Chrome/86.0.4240.111 Safari/537.36"

10.81.139.23 - - [13/Nov/2020:21:02:26 +0100] "GET /~avats/img/logo.png HTTP/1.1" 200 278589 "http://clabsql.clamv.jacobs-university.de/~avats/admin_login.php?status=sign_in_required" "Mozilla/5.0 (Macintosh; Intel Mac OS X 10_15_7) AppleWebKit/537.36 (KHTML, like Gecko) Chrome/86.0.4240.111 Safari/537.36"

10.81.159.225 - - [12/Nov/2020:22:15:34 +0100] "POST /~avats/view_account_details.php HTTP/1.1" 200 2126 "http://clabsql.clamv.jacobs-university.de/~avats/view_account_details.php" "Mozilla/5.0 (Macintosh; Intel Mac OS X 10_15_7) AppleWebKit/605.1.15 (KHTML, like Gecko) Version/14.0 Safari/605.1.15"

10.81.139.23 - - [13/Nov/2020:21:25:45 +0100] "GET /~avats/view_account_details.php HTTP/1.1" 200 2499 "http://clabsql.clamv.jacobs-university.de/~avats/search_pages.php" "Mozilla/5.0 (Macintosh; Intel Mac OS X 10_15_7) AppleWebKit/537.36 (KHTML, like Gecko) Chrome/86.0.4240.111 Safari/537.36"

10.81.159.225 - - [11/Nov/2020:09:16:53 +0100] "GET /~avats/img/Backdrop.jpg HTTP/1.1" 200 40560 "http://clabsql.clamv.jacobs-university.de/~avats/admin_login.php?status=sign_in_required" "Mozilla/5.0 (Macintosh; Intel Mac OS X 10_15_7) AppleWebKit/605.1.15 (KHTML, like Gecko) Version/14.0 Safari/605.1.15"

10.222.130.225 - - [10/Nov/2020:19:30:28 +0100] "GET /~avats/general_account.php HTTP/1.1" 200 2707 "http://clabsql.clamv.jacobs-university.de/~avats/maintenance.php" "Mozilla/5.0 (Macintosh; Intel Mac OS X 10_15_7) AppleWebKit/537.36 (KHTML, like Gecko) Chrome/86.0.4240.111 Safari/537.36"

10.81.139.23 - - [13/Nov/2020:21:02:54 +0100] "POST /~avats/registration.php HTTP/1.1" 200 3774 "http://clabsql.clamv.jacobs-university.de/~avats/registration.php" "Mozilla/5.0 (Macintosh; Intel Mac OS X 10_15_7) AppleWebKit/537.36 (KHTML, like Gecko) Chrome/86.0.4240.111 Safari/537.36"

10.81.139.23 - - [13/Nov/2020:21:17:03 +0100] "POST /~avats/show_general_accounts.php HTTP/1.1" 200 4827 "http://clabsql.clamv.jacobs-university.de/~avats/show_general_accounts.php" "Mozilla/5.0 (Macintosh; Intel Mac OS X 10_15_7) AppleWebKit/537.36 (KHTML, like Gecko) Chrome/86.0.4240.111 Safari/537.36"

10.81.159.225 - - [11/Nov/2020:09:21:53 +0100] "GET /~avats/general_account.php HTTP/1.1" 200 2707 "http://clabsql.clamv.jacobs-university.de/~avats/maintenance.php" "Mozilla/5.0 (Macintosh; Intel Mac OS X 10_15_7) AppleWebKit/605.1.15 (KHTML, like Gecko) Version/14.0 Safari/605.1.15"

10.222.130.225 - - [10/Nov/2020:19:26:42 +0100] "GET /~avats/img/logo.png HTTP/1.1" 200 278589 "http://clabsql.clamv.jacobs-university.de/~avats/admin_login.php?status=sign_in_required" "Mozilla/5.0 (Macintosh; Intel Mac OS X 10_15_7) AppleWebKit/537.36 (KHTML, like Gecko) Chrome/86.0.4240.111 Safari/537.36"

10.81.139.23 - - [13/Nov/2020:21:26:40 +0100] "GET /~avats/view_account_details.php HTTP/1.1" 200 2499 "http://clabsql.clamv.jacobs-university.de/~avats/search_pages.php" "Mozilla/5.0 (Macintosh; Intel Mac OS X 10_15_7) AppleWebKit/537.36 (KHTML, like Gecko) Chrome/86.0.4240.111 Safari/537.36"

10.81.139.23 - - [13/Nov/2020:21:10:25 +0100] "GET /~avats/Info_for_sub_type.php HTTP/1.1" 200 2711 "http://clabsql.clamv.jacobs-university.de/~avats/search_pages.php" "Mozilla/5.0 (Macintosh; Intel Mac OS X 10_15_7) AppleWebKit/537.36 (KHTML, like Gecko) Chrome/86.0.4240.111 Safari/537.36"

10.81.139.23 - - [13/Nov/2020:21:24:29 +0100] "POST /~avats/view_account_details.php HTTP/1.1" 200 2732 "http://clabsql.clamv.jacobs-university.de/~avats/view_account_details.php" "Mozilla/5.0 (Macintosh; Intel Mac OS X 10_15_7) AppleWebKit/537.36 (KHTML, like Gecko) Chrome/86.0.4240.111 Safari/537.36"

10.81.159.225 - - [11/Nov/2020:09:19:39 +0100] "POST /~avats/admin_login.php?status=sign_in_required HTTP/1.1" 302 2182 "http://clabsql.clamv.jacobs-university.de/~avats/admin_login.php?status=sign_in_required" "Mozilla/5.0 (Macintosh; Intel Mac OS X 10_15_7) AppleWebKit/605.1.15 (KHTML, like Gecko) Version/14.0 Safari/605.1.15"

10.81.139.23 - - [13/Nov/2020:21:26:30 +0100] "POST /~avats/view_account_details.php HTTP/1.1" 200 2126 "http://clabsql.clamv.jacobs-university.de/~avats/view_account_details.php" "Mozilla/5.0 (Macintosh; Intel Mac OS X 10_15_7) AppleWebKit/537.36 (KHTML, like Gecko) Chrome/86.0.4240.111 Safari/537.36"

10.81.159.225 - - [11/Nov/2020:09:16:53 +0100] "GET /~avats/img/logo.png HTTP/1.1" 200 278589 "http://clabsql.clamv.jacobs-university.de/~avats/admin_login.php?status=sign_in_required" "Mozilla/5.0 (Macintosh; Intel Mac OS X 10_15_7) AppleWebKit/605.1.15 (KHTML, like Gecko) Version/14.0 Safari/605.1.15"

10.81.161.56 - - [13/Nov/2020:21:04:41 +0100] "GET /~avats/index.php HTTP/1.1" 200 2812 "http://clabsql.clamv.jacobs-university.de/~avats/maintenance.php" "Mozilla/5.0 (Windows NT 10.0; Win64; x64) AppleWebKit/537.36 (KHTML, like Gecko) Chrome/86.0.4240.193 Safari/537.36"

10.81.139.23 - - [13/Nov/2020:21:21:13 +0100] "POST /~avats/view_account_details.php HTTP/1.1" 200 2732 "http://clabsql.clamv.jacobs-university.de/~avats/view_account_details.php" "Mozilla/5.0 (Macintosh; Intel Mac OS X 10_15_7) AppleWebKit/537.36 (KHTML, like Gecko) Chrome/86.0.4240.111 Safari/537.36"

10.81.159.225 - - [12/Nov/2020:22:12:20 +0100] "GET /~avats/admin_login.php?status=sign_in_required HTTP/1.1" 200 2262 "-" "Mozilla/5.0 (Macintosh; Intel Mac OS X 10_15_7) AppleWebKit/605.1.15 (KHTML, like Gecko) Version/14.0 Safari/605.1.15"

10.81.159.225 - - [11/Nov/2020:09:16:53 +0100] "GET /~avats/common_style.css HTTP/1.1" 304 - "http://clabsql.clamv.jacobs-university.de/~avats/maintenance.php" "Mozilla/5.0 (Macintosh; Intel Mac OS X 10_15_7) AppleWebKit/605.1.15 (KHTML, like Gecko) Version/14.0 Safari/605.1.15"

10.222.131.65 - - [13/Nov/2020:12:18:34 +0100] "GET /~avats/layout_logged_in.html HTTP/1.1" 404 1006 "-" "Mozilla/5.0 (X11; Linux x86_64) AppleWebKit/537.36 (KHTML, like Gecko) Chrome/86.0.4240.193 Safari/537.36"

10.81.137.207 - - [11/Nov/2020:01:08:57 +0100] "POST /~avats/show_general_accounts.php HTTP/1.1" 200 5268 "http://clabsql.clamv.jacobs-university.de/~avats/show_general_accounts.php" "Mozilla/5.0 (X11; Linux x86_64) AppleWebKit/537.36 (KHTML, like Gecko) Chrome/85.0.4183.83 Safari/537.36"

10.81.161.56 - - [13/Nov/2020:21:31:41 +0100] "GET /~avats/view_account_details.php HTTP/1.1" 200 2499 "http://clabsql.clamv.jacobs-university.de/~avats/search_pages.php" "Mozilla/5.0 (Windows NT 10.0; Win64; x64) AppleWebKit/537.36 (KHTML, like Gecko) Chrome/86.0.4240.193 Safari/537.36"

10.222.131.86 - - [13/Nov/2020:12:07:08 +0100] "GET /~avats/ HTTP/1.1" 200 2812 "-" "Mozilla/5.0 (Macintosh; Intel Mac OS X 11_0_0) AppleWebKit/537.36 (KHTML, like Gecko) Chrome/86.0.4240.193 Safari/537.36"

10.81.139.23 - - [13/Nov/2020:21:24:02 +0100] "POST /~avats/view_account_details.php HTTP/1.1" 200 2732 "http://clabsql.clamv.jacobs-university.de/~avats/view_account_details.php" "Mozilla/5.0 (Macintosh; Intel Mac OS X 10_15_7) AppleWebKit/537.36 (KHTML, like Gecko) Chrome/86.0.4240.111 Safari/537.36"

10.81.161.56 - - [13/Nov/2020:21:15:18 +0100] "GET /~avats/search_pages.php HTTP/1.1" 200 2360 "http://clabsql.clamv.jacobs-university.de/~avats/admin_login.php?status=sign_in_required" "Mozilla/5.0 (Windows NT 10.0; Win64; x64) AppleWebKit/537.36 (KHTML, like Gecko) Chrome/86.0.4240.193 Safari/537.36"

10.81.139.23 - - [13/Nov/2020:21:26:10 +0100] "GET /~avats/view_account_details.php HTTP/1.1" 200 2499 "http://clabsql.clamv.jacobs-university.de/~avats/search_pages.php" "Mozilla/5.0 (Macintosh; Intel Mac OS X 10_15_7) AppleWebKit/537.36 (KHTML, like Gecko) Chrome/86.0.4240.111 Safari/537.36"

10.81.161.56 - - [13/Nov/2020:21:02:38 +0100] "POST /~avats/admin_login.php HTTP/1.1" 302 2182 "http://clabsql.clamv.jacobs-university.de/~avats/admin_login.php" "Mozilla/5.0 (Windows NT 10.0; Win64; x64) AppleWebKit/537.36 (KHTML, like Gecko) Chrome/86.0.4240.193 Safari/537.36"

10.222.130.225 - - [10/Nov/2020:19:30:43 +0100] "GET /~avats/maintenance.php HTTP/1.1" 200 2395 "http://clabsql.clamv.jacobs-university.de/~avats/video_streaming.php" "Mozilla/5.0 (Macintosh; Intel Mac OS X 10_15_7) AppleWebKit/537.36 (KHTML, like Gecko) Chrome/86.0.4240.111 Safari/537.36"

10.81.139.23 - - [13/Nov/2020:21:16:23 +0100] "GET /~avats/maintenance.php HTTP/1.1" 302 2425 "-" "Mozilla/5.0 (Macintosh; Intel Mac OS X 10_15_7) AppleWebKit/537.36 (KHTML, like Gecko) Chrome/86.0.4240.111 Safari/537.36"

10.81.159.225 - - [12/Nov/2020:22:15:08 +0100] "POST /~avats/show_general_accounts.php HTTP/1.1" 200 2960 "http://clabsql.clamv.jacobs-university.de/~avats/show_general_accounts.php" "Mozilla/5.0 (Macintosh; Intel Mac OS X 10_15_7) AppleWebKit/605.1.15 (KHTML, like Gecko) Version/14.0 Safari/605.1.15"

10.81.139.23 - - [13/Nov/2020:21:26:31 +0100] "GET /~avats/view_account_details.php HTTP/1.1" 200 2499 "http://clabsql.clamv.jacobs-university.de/~avats/search_pages.php" "Mozilla/5.0 (Macintosh; Intel Mac OS X 10_15_7) AppleWebKit/537.36 (KHTML, like Gecko) Chrome/86.0.4240.111 Safari/537.36"

10.81.139.23 - - [13/Nov/2020:21:10:17 +0100] "GET /~avats/maintenance.php HTTP/1.1" 200 2395 "http://clabsql.clamv.jacobs-university.de/~avats/registration.php" "Mozilla/5.0 (Macintosh; Intel Mac OS X 10_15_7) AppleWebKit/537.36 (KHTML, like Gecko) Chrome/86.0.4240.111 Safari/537.36"

10.81.159.225 - - [11/Nov/2020:09:22:57 +0100] "POST /~avats/related_account.php HTTP/1.1" 302 1916 "http://clabsql.clamv.jacobs-university.de/~avats/related_account.php" "Mozilla/5.0 (Macintosh; Intel Mac OS X 10_15_7) AppleWebKit/605.1.15 (KHTML, like Gecko) Version/14.0 Safari/605.1.15"

10.81.139.23 - - [13/Nov/2020:21:21:26 +0100] "GET /~avats/view_account_details.php HTTP/1.1" 200 2499 "http://clabsql.clamv.jacobs-university.de/~avats/search_pages.php" "Mozilla/5.0 (Macintosh; Intel Mac OS X 10_15_7) AppleWebKit/537.36 (KHTML, like Gecko) Chrome/86.0.4240.111 Safari/537.36"

10.81.139.23 - - [13/Nov/2020:21:24:03 +0100] "GET /~avats/search_pages.php HTTP/1.1" 200 2360 "http://clabsql.clamv.jacobs-university.de/~avats/view_account_details.php" "Mozilla/5.0 (Macintosh; Intel Mac OS X 10_15_7) AppleWebKit/537.36 (KHTML, like Gecko) Chrome/86.0.4240.111 Safari/537.36"

10.81.139.23 - - [13/Nov/2020:21:16:23 +0100] "GET /~avats/admin_login.php?status=sign_in_required HTTP/1.1" 200 2262 "-" "Mozilla/5.0 (Macintosh; Intel Mac OS X 10_15_7) AppleWebKit/537.36 (KHTML, like Gecko) Chrome/86.0.4240.111 Safari/537.36"

10.81.161.56 - - [13/Nov/2020:21:31:46 +0100] "POST /~avats/view_account_details.php HTTP/1.1" 200 2832 "http://clabsql.clamv.jacobs-university.de/~avats/view_account_details.php" "Mozilla/5.0 (Windows NT 10.0; Win64; x64) AppleWebKit/537.36 (KHTML, like Gecko) Chrome/86.0.4240.193 Safari/537.36"

10.222.130.225 - - [10/Nov/2020:19:29:08 +0100] "POST /~avats/admin_login.php?status=sign_in_required HTTP/1.1" 302 2182 "http://clabsql.clamv.jacobs-university.de/~avats/admin_login.php?status=sign_in_required" "Mozilla/5.0 (Macintosh; Intel Mac OS X 10_15_7) AppleWebKit/537.36 (KHTML, like Gecko) Chrome/86.0.4240.111 Safari/537.36"

10.81.159.225 - - [12/Nov/2020:22:12:20 +0100] "GET /~avats/maintenance.php HTTP/1.1" 302 2425 "-" "Mozilla/5.0 (Macintosh; Intel Mac OS X 10_15_7) AppleWebKit/605.1.15 (KHTML, like Gecko) Version/14.0 Safari/605.1.15"

10.81.137.207 - - [11/Nov/2020:01:07:48 +0100] "GET /~avats/admin_login.php HTTP/1.1" 200 2229 "http://clabsql.clamv.jacobs-university.de/~avats/index.php" "Mozilla/5.0 (X11; Linux x86_64) AppleWebKit/537.36 (KHTML, like Gecko) Chrome/85.0.4183.83 Safari/537.36"

10.81.161.56 - - [13/Nov/2020:21:15:45 +0100] "GET /~avats/view_account_details.php HTTP/1.1" 200 2499 "http://clabsql.clamv.jacobs-university.de/~avats/search_pages.php" "Mozilla/5.0 (Windows NT 10.0; Win64; x64) AppleWebKit/537.36 (KHTML, like Gecko) Chrome/86.0.4240.193 Safari/537.36"

10.81.137.207 - - [11/Nov/2020:01:10:47 +0100] "GET /~avats/index.php HTTP/1.1" 200 2812 "http://clabsql.clamv.jacobs-university.de/~avats/view_account_details.php" "Mozilla/5.0 (X11; Linux x86_64) AppleWebKit/537.36 (KHTML, like Gecko) Chrome/85.0.4183.83 Safari/537.36"

10.81.137.207 - - [11/Nov/2020:01:06:31 +0100] "GET /~avats/admin_login.php HTTP/1.1" 200 2229 "http://clabsql.clamv.jacobs-university.de/~avats/" "Mozilla/5.0 (X11; Linux x86_64) AppleWebKit/537.36 (KHTML, like Gecko) Chrome/85.0.4183.83 Safari/537.36"

10.222.131.86 - - [13/Nov/2020:12:07:09 +0100] "GET /~avats/common_style.css HTTP/1.1" 200 3686 "http://clabsql.clamv.jacobs-university.de/~avats/" "Mozilla/5.0 (Macintosh; Intel Mac OS X 11_0_0) AppleWebKit/537.36 (KHTML, like Gecko) Chrome/86.0.4240.193 Safari/537.36"

10.81.139.23 - - [13/Nov/2020:21:31:18 +0100] "GET /favicon.ico HTTP/1.1" 200 302 "http://clabsql.clamv.jacobs-university.de/~avats/view_account_details.php" "Mozilla/5.0 (Macintosh; Intel Mac OS X 10_15_7) AppleWebKit/537.36 (KHTML, like Gecko) Chrome/86.0.4240.111 Safari/537.36"

10.81.137.207 - - [11/Nov/2020:01:07:54 +0100] "POST /~avats/admin_login.php HTTP/1.1" 302 2182 "http://clabsql.clamv.jacobs-university.de/~avats/admin_login.php" "Mozilla/5.0 (X11; Linux x86_64) AppleWebKit/537.36 (KHTML, like Gecko) Chrome/85.0.4183.83 Safari/537.36"

10.81.137.207 - - [11/Nov/2020:01:08:26 +0100] "GET /~avats/view_account_details.php HTTP/1.1" 200 2469 "http://clabsql.clamv.jacobs-university.de/~avats/search_pages.php" "Mozilla/5.0 (X11; Linux x86_64) AppleWebKit/537.36 (KHTML, like Gecko) Chrome/85.0.4183.83 Safari/537.36"

10.81.139.23 - - [13/Nov/2020:21:25:42 +0100] "GET /favicon.ico HTTP/1.1" 200 302 "http://clabsql.clamv.jacobs-university.de/~avats/view_account_details.php" "Mozilla/5.0 (Macintosh; Intel Mac OS X 10_15_7) AppleWebKit/537.36 (KHTML, like Gecko) Chrome/86.0.4240.111 Safari/537.36"

10.81.161.56 - - [13/Nov/2020:21:02:23 +0100] "GET /~avats/img/logo.png HTTP/1.1" 200 278589 "http://clabsql.clamv.jacobs-university.de/~avats/" "Mozilla/5.0 (Windows NT 10.0; Win64; x64) AppleWebKit/537.36 (KHTML, like Gecko) Chrome/86.0.4240.193 Safari/537.36"

10.81.159.225 - - [11/Nov/2020:09:22:57 +0100] "GET /~avats/success.php HTTP/1.1" 404 1227 "http://clabsql.clamv.jacobs-university.de/~avats/related_account.php" "Mozilla/5.0 (Macintosh; Intel Mac OS X 10_15_7) AppleWebKit/605.1.15 (KHTML, like Gecko) Version/14.0 Safari/605.1.15"

10.81.159.225 - - [12/Nov/2020:22:12:20 +0100] "GET /~avats/img/Backdrop.jpg HTTP/1.1" 200 40560 "http://clabsql.clamv.jacobs-university.de/~avats/admin_login.php?status=sign_in_required" "Mozilla/5.0 (Macintosh; Intel Mac OS X 10_15_7) AppleWebKit/605.1.15 (KHTML, like Gecko) Version/14.0 Safari/605.1.15"

10.81.159.225 - - [11/Nov/2020:09:22:15 +0100] "GET /~avats/success.php HTTP/1.1" 404 1227 "http://clabsql.clamv.jacobs-university.de/~avats/related_account.php" "Mozilla/5.0 (Macintosh; Intel Mac OS X 10_15_7) AppleWebKit/605.1.15 (KHTML, like Gecko) Version/14.0 Safari/605.1.15"

10.81.159.225 - - [12/Nov/2020:22:12:20 +0100] "GET /~avats/img/logo.png HTTP/1.1" 200 278589 "http://clabsql.clamv.jacobs-university.de/~avats/admin_login.php?status=sign_in_required" "Mozilla/5.0 (Macintosh; Intel Mac OS X 10_15_7) AppleWebKit/605.1.15 (KHTML, like Gecko) Version/14.0 Safari/605.1.15"

10.222.130.225 - - [10/Nov/2020:19:30:45 +0100] "GET /~avats/logout.php HTTP/1.1" 302 - "http://clabsql.clamv.jacobs-university.de/~avats/maintenance.php" "Mozilla/5.0 (Macintosh; Intel Mac OS X 10_15_7) AppleWebKit/537.36 (KHTML, like Gecko) Chrome/86.0.4240.111 Safari/537.36"

10.222.130.225 - - [10/Nov/2020:19:30:53 +0100] "GET /~avats/admin_login.php?status=sign_in_required HTTP/1.1" 200 2262 "http://clabsql.clamv.jacobs-university.de/~avats/index.php" "Mozilla/5.0 (Macintosh; Intel Mac OS X 10_15_7) AppleWebKit/537.36 (KHTML, like Gecko) Chrome/86.0.4240.111 Safari/537.36"

10.81.139.23 - - [13/Nov/2020:21:16:48 +0100] "GET /~avats/view_account_details.php HTTP/1.1" 200 2499 "http://clabsql.clamv.jacobs-university.de/~avats/search_pages.php" "Mozilla/5.0 (Macintosh; Intel Mac OS X 10_15_7) AppleWebKit/537.36 (KHTML, like Gecko) Chrome/86.0.4240.111 Safari/537.36"

10.81.139.23 - - [13/Nov/2020:21:19:30 +0100] "GET /~avats/search_pages.php HTTP/1.1" 200 2360 "http://clabsql.clamv.jacobs-university.de/~avats/view_account_details.php" "Mozilla/5.0 (Macintosh; Intel Mac OS X 10_15_7) AppleWebKit/537.36 (KHTML, like Gecko) Chrome/86.0.4240.111 Safari/537.36"

10.81.159.225 - - [13/Nov/2020:14:12:37 +0100] "GET /~avats/Info_for_sub_type.php HTTP/1.1" 200 2852 "-" "Mozilla/5.0 (Macintosh; Intel Mac OS X 10_15_6) AppleWebKit/605.1.15 (KHTML, like Gecko) Version/14.0.1 Safari/605.1.15"

10.81.159.225 - - [11/Nov/2020:09:20:32 +0100] "GET /~avats/general_account.php HTTP/1.1" 200 2707 "http://clabsql.clamv.jacobs-university.de/~avats/maintenance.php" "Mozilla/5.0 (Macintosh; Intel Mac OS X 10_15_7) AppleWebKit/605.1.15 (KHTML, like Gecko) Version/14.0 Safari/605.1.15"

10.81.139.23 - - [13/Nov/2020:21:20:47 +0100] "POST /~avats/view_account_details.php HTTP/1.1" 200 2126 "http://clabsql.clamv.jacobs-university.de/~avats/view_account_details.php" "Mozilla/5.0 (Macintosh; Intel Mac OS X 10_15_7) AppleWebKit/537.36 (KHTML, like Gecko) Chrome/86.0.4240.111 Safari/537.36"

10.81.159.225 - - [10/Nov/2020:16:03:13 +0100] "GET /~avats/admin_login.php?status=sign_in_required HTTP/1.1" 200 2262 "-" "Mozilla/5.0 (Macintosh; Intel Mac OS X 10_15_7) AppleWebKit/605.1.15 (KHTML, like Gecko) Version/14.0 Safari/605.1.15"

10.81.139.23 - - [13/Nov/2020:21:31:07 +0100] "POST /~avats/view_account_details.php HTTP/1.1" 200 2832 "http://clabsql.clamv.jacobs-university.de/~avats/view_account_details.php" "Mozilla/5.0 (Macintosh; Intel Mac OS X 10_15_7) AppleWebKit/537.36 (KHTML, like Gecko) Chrome/86.0.4240.111 Safari/537.36"

10.81.159.225 - - [12/Nov/2020:22:14:53 +0100] "GET /~avats/show_general_accounts.php HTTP/1.1" 200 2117 "http://clabsql.clamv.jacobs-university.de/~avats/view_account_details.php" "Mozilla/5.0 (Macintosh; Intel Mac OS X 10_15_7) AppleWebKit/605.1.15 (KHTML, like Gecko) Version/14.0 Safari/605.1.15"

10.81.159.225 - - [12/Nov/2020:22:12:20 +0100] "GET /~avats/common_style.css HTTP/1.1" 304 - "http://clabsql.clamv.jacobs-university.de/~avats/admin_login.php?status=sign_in_required" "Mozilla/5.0 (Macintosh; Intel Mac OS X 10_15_7) AppleWebKit/605.1.15 (KHTML, like Gecko) Version/14.0 Safari/605.1.15"

10.81.139.23 - - [13/Nov/2020:21:20:32 +0100] "GET /~avats/view_account_details.php HTTP/1.1" 200 2499 "http://clabsql.clamv.jacobs-university.de/~avats/search_pages.php" "Mozilla/5.0 (Macintosh; Intel Mac OS X 10_15_7) AppleWebKit/537.36 (KHTML, like Gecko) Chrome/86.0.4240.111 Safari/537.36"

10.81.137.207 - - [11/Nov/2020:01:09:44 +0100] "GET /~avats/view_account_details.php HTTP/1.1" 200 2469 "http://clabsql.clamv.jacobs-university.de/~avats/search_pages.php" "Mozilla/5.0 (X11; Linux x86_64) AppleWebKit/537.36 (KHTML, like Gecko) Chrome/85.0.4183.83 Safari/537.36"

10.81.137.207 - - [11/Nov/2020:01:06:49 +0100] "GET /~avats/admin_login.php?status=sign_in_required HTTP/1.1" 200 2262 "http://clabsql.clamv.jacobs-university.de/~avats/admin_login.php" "Mozilla/5.0 (X11; Linux x86_64) AppleWebKit/537.36 (KHTML, like Gecko) Chrome/85.0.4183.83 Safari/537.36"

10.81.161.56 - - [13/Nov/2020:21:15:09 +0100] "POST /~avats/show_general_accounts.php HTTP/1.1" 200 3452 "http://clabsql.clamv.jacobs-university.de/~avats/show_general_accounts.php" "Mozilla/5.0 (Windows NT 10.0; Win64; x64) AppleWebKit/537.36 (KHTML, like Gecko) Chrome/86.0.4240.193 Safari/537.36"

10.81.161.56 - - [13/Nov/2020:21:13:33 +0100] "GET /~avats/view_account_details.php HTTP/1.1" 200 2499 "http://clabsql.clamv.jacobs-university.de/~avats/search_pages.php" "Mozilla/5.0 (Windows NT 10.0; Win64; x64) AppleWebKit/537.36 (KHTML, like Gecko) Chrome/86.0.4240.193 Safari/537.36"

10.81.161.56 - - [13/Nov/2020:21:15:16 +0100] "GET /~avats/maintenance.php HTTP/1.1" 302 2425 "http://clabsql.clamv.jacobs-university.de/~avats/show_general_accounts.php" "Mozilla/5.0 (Windows NT 10.0; Win64; x64) AppleWebKit/537.36 (KHTML, like Gecko) Chrome/86.0.4240.193 Safari/537.36"

10.81.161.56 - - [13/Nov/2020:21:13:05 +0100] "GET /~avats/view_account_details.php HTTP/1.1" 200 2499 "http://clabsql.clamv.jacobs-university.de/~avats/search_pages.php" "Mozilla/5.0 (Windows NT 10.0; Win64; x64) AppleWebKit/537.36 (KHTML, like Gecko) Chrome/86.0.4240.193 Safari/537.36"

10.81.139.23 - - [13/Nov/2020:21:10:24 +0100] "GET /~avats/search_pages.php HTTP/1.1" 200 2330 "http://clabsql.clamv.jacobs-university.de/~avats/single_row.php" "Mozilla/5.0 (Macintosh; Intel Mac OS X 10_15_7) AppleWebKit/537.36 (KHTML, like Gecko) Chrome/86.0.4240.111 Safari/537.36"

10.81.159.225 - - [11/Nov/2020:09:21:11 +0100] "POST /~avats/video_streaming.php HTTP/1.1" 200 3514 "http://clabsql.clamv.jacobs-university.de/~avats/video_streaming.php" "Mozilla/5.0 (Macintosh; Intel Mac OS X 10_15_7) AppleWebKit/605.1.15 (KHTML, like Gecko) Version/14.0 Safari/605.1.15"

10.81.159.225 - - [12/Nov/2020:22:14:48 +0100] "POST /~avats/view_account_details.php HTTP/1.1" 200 2126 "http://clabsql.clamv.jacobs-university.de/~avats/view_account_details.php" "Mozilla/5.0 (Macintosh; Intel Mac OS X 10_15_7) AppleWebKit/605.1.15 (KHTML, like Gecko) Version/14.0 Safari/605.1.15"

10.222.130.225 - - [10/Nov/2020:19:26:23 +0100] "GET /favicon.ico HTTP/1.1" 200 302 "http://clabsql.clamv.jacobs-university.de/~avats/layout_logged_in.html" "Mozilla/5.0 (Macintosh; Intel Mac OS X 10_15_7) AppleWebKit/537.36 (KHTML, like Gecko) Chrome/86.0.4240.111 Safari/537.36"

10.81.139.23 - - [13/Nov/2020:21:24:01 +0100] "GET /favicon.ico HTTP/1.1" 200 302 "http://clabsql.clamv.jacobs-university.de/~avats/view_account_details.php" "Mozilla/5.0 (Macintosh; Intel Mac OS X 10_15_7) AppleWebKit/537.36 (KHTML, like Gecko) Chrome/86.0.4240.111 Safari/537.36"

10.81.139.23 - - [13/Nov/2020:21:29:35 +0100] "GET /~avats/view_account_details.php HTTP/1.1" 200 2499 "http://clabsql.clamv.jacobs-university.de/~avats/search_pages.php" "Mozilla/5.0 (Macintosh; Intel Mac OS X 10_15_7) AppleWebKit/537.36 (KHTML, like Gecko) Chrome/86.0.4240.111 Safari/537.36"

10.81.139.23 - - [13/Nov/2020:21:30:17 +0100] "GET /~avats/view_account_details.php HTTP/1.1" 200 2499 "http://clabsql.clamv.jacobs-university.de/~avats/search_pages.php" "Mozilla/5.0 (Macintosh; Intel Mac OS X 10_15_7) AppleWebKit/537.36 (KHTML, like Gecko) Chrome/86.0.4240.111 Safari/537.36"

10.81.139.23 - - [13/Nov/2020:21:20:32 +0100] "POST /~avats/view_account_details.php HTTP/1.1" 200 2732 "http://clabsql.clamv.jacobs-university.de/~avats/view_account_details.php" "Mozilla/5.0 (Macintosh; Intel Mac OS X 10_15_7) AppleWebKit/537.36 (KHTML, like Gecko) Chrome/86.0.4240.111 Safari/537.36"

10.222.130.225 - - [10/Nov/2020:19:27:02 +0100] "GET /~avats/admin_login.php?status=sign_in_required HTTP/1.1" 200 2262 "http://clabsql.clamv.jacobs-university.de/~avats/admin_login.php?status=sign_in_required" "Mozilla/5.0 (Macintosh; Intel Mac OS X 10_15_7) AppleWebKit/537.36 (KHTML, like Gecko) Chrome/86.0.4240.111 Safari/537.36"

10.222.130.225 - - [10/Nov/2020:19:30:51 +0100] "GET /~avats/index.php HTTP/1.1" 200 2812 "http://clabsql.clamv.jacobs-university.de/~avats/admin_login.php?status=sign_in_required" "Mozilla/5.0 (Macintosh; Intel Mac OS X 10_15_7) AppleWebKit/537.36 (KHTML, like Gecko) Chrome/86.0.4240.111 Safari/537.36"

10.81.139.23 - - [13/Nov/2020:21:21:28 +0100] "POST /~avats/view_account_details.php HTTP/1.1" 200 2126 "http://clabsql.clamv.jacobs-university.de/~avats/view_account_details.php" "Mozilla/5.0 (Macintosh; Intel Mac OS X 10_15_7) AppleWebKit/537.36 (KHTML, like Gecko) Chrome/86.0.4240.111 Safari/537.36"

10.81.137.207 - - [11/Nov/2020:01:07:03 +0100] "GET /~avats/general_account.php HTTP/1.1" 302 2737 "-" "Mozilla/5.0 (X11; Linux x86_64) AppleWebKit/537.36 (KHTML, like Gecko) Chrome/85.0.4183.83 Safari/537.36"

10.81.137.207 - - [11/Nov/2020:01:10:47 +0100] "GET /~avats/logout.php HTTP/1.1" 302 - "http://clabsql.clamv.jacobs-university.de/~avats/view_account_details.php" "Mozilla/5.0 (X11; Linux x86_64) AppleWebKit/537.36 (KHTML, like Gecko) Chrome/85.0.4183.83 Safari/537.36"

10.81.137.207 - - [11/Nov/2020:01:10:20 +0100] "POST /~avats/show_general_accounts.php HTTP/1.1" 200 3422 "http://clabsql.clamv.jacobs-university.de/~avats/show_general_accounts.php" "Mozilla/5.0 (X11; Linux x86_64) AppleWebKit/537.36 (KHTML, like Gecko) Chrome/85.0.4183.83 Safari/537.36"

10.81.139.23 - - [13/Nov/2020:21:21:38 +0100] "POST /~avats/view_account_details.php HTTP/1.1" 200 2732 "http://clabsql.clamv.jacobs-university.de/~avats/view_account_details.php" "Mozilla/5.0 (Macintosh; Intel Mac OS X 10_15_7) AppleWebKit/537.36 (KHTML, like Gecko) Chrome/86.0.4240.111 Safari/537.36"

10.81.161.56 - - [13/Nov/2020:21:02:25 +0100] "GET /~avats/img/Backdrop.jpg HTTP/1.1" 200 40560 "http://clabsql.clamv.jacobs-university.de/~avats/common_style.css" "Mozilla/5.0 (Windows NT 10.0; Win64; x64) AppleWebKit/537.36 (KHTML, like Gecko) Chrome/86.0.4240.193 Safari/537.36"

10.81.159.225 - - [12/Nov/2020:22:15:21 +0100] "GET /~avats/show_general_accounts.php HTTP/1.1" 200 2117 "http://clabsql.clamv.jacobs-university.de/~avats/search_pages.php" "Mozilla/5.0 (Macintosh; Intel Mac OS X 10_15_7) AppleWebKit/605.1.15 (KHTML, like Gecko) Version/14.0 Safari/605.1.15"

10.81.139.23 - - [13/Nov/2020:21:31:18 +0100] "POST /~avats/view_account_details.php HTTP/1.1" 200 2832 "http://clabsql.clamv.jacobs-university.de/~avats/view_account_details.php" "Mozilla/5.0 (Macintosh; Intel Mac OS X 10_15_7) AppleWebKit/537.36 (KHTML, like Gecko) Chrome/86.0.4240.111 Safari/537.36"

10.81.139.23 - - [13/Nov/2020:21:16:54 +0100] "POST /~avats/view_account_details.php HTTP/1.1" 200 2126 "http://clabsql.clamv.jacobs-university.de/~avats/view_account_details.php" "Mozilla/5.0 (Macintosh; Intel Mac OS X 10_15_7) AppleWebKit/537.36 (KHTML, like Gecko) Chrome/86.0.4240.111 Safari/537.36"

10.81.139.23 - - [13/Nov/2020:21:25:44 +0100] "POST /~avats/view_account_details.php HTTP/1.1" 200 2732 "http://clabsql.clamv.jacobs-university.de/~avats/view_account_details.php" "Mozilla/5.0 (Macintosh; Intel Mac OS X 10_15_7) AppleWebKit/537.36 (KHTML, like Gecko) Chrome/86.0.4240.111 Safari/537.36"

10.81.159.225 - - [12/Nov/2020:22:16:35 +0100] "POST /~avats/Info_for_sub_type.php HTTP/1.1" 200 1596 "http://clabsql.clamv.jacobs-university.de/~avats/Info_for_sub_type.php" "Mozilla/5.0 (Macintosh; Intel Mac OS X 10_15_7) AppleWebKit/605.1.15 (KHTML, like Gecko) Version/14.0 Safari/605.1.15"

10.81.159.225 - - [11/Nov/2020:09:22:19 +0100] "GET /~avats/success.php HTTP/1.1" 404 1227 "http://clabsql.clamv.jacobs-university.de/~avats/related_account.php" "Mozilla/5.0 (Macintosh; Intel Mac OS X 10_15_7) AppleWebKit/605.1.15 (KHTML, like Gecko) Version/14.0 Safari/605.1.15"

10.81.159.225 - - [12/Nov/2020:22:12:32 +0100] "GET /~avats/view_account_details.php HTTP/1.1" 200 2499 "http://clabsql.clamv.jacobs-university.de/~avats/search_pages.php" "Mozilla/5.0 (Macintosh; Intel Mac OS X 10_15_7) AppleWebKit/605.1.15 (KHTML, like Gecko) Version/14.0 Safari/605.1.15"

