2020-11-13 21:48:05
10.81.137.207 - - [11/Nov/2020:01:08:11 +0100] "GET /~avats/maintenance.php HTTP/1.1" 200 2395 "http://clabsql.clamv.jacobs-university.de/~avats/search_pages.php" "Mozilla/5.0 (X11; Linux x86_64) AppleWebKit/537.36 (KHTML, like Gecko) Chrome/85.0.4183.83 Safari/537.36"

10.81.159.225 - - [11/Nov/2020:09:27:08 +0100] "GET /~avats/logout.php HTTP/1.1" 302 - "http://clabsql.clamv.jacobs-university.de/~avats/maintenance.php" "Mozilla/5.0 (Macintosh; Intel Mac OS X 10_15_7) AppleWebKit/605.1.15 (KHTML, like Gecko) Version/14.0 Safari/605.1.15"

10.222.130.225 - - [10/Nov/2020:19:27:04 +0100] "GET /~avats/maintenance.php HTTP/1.1" 302 2425 "http://clabsql.clamv.jacobs-university.de/~avats/admin_login.php?status=sign_in_required" "Mozilla/5.0 (Macintosh; Intel Mac OS X 10_15_7) AppleWebKit/537.36 (KHTML, like Gecko) Chrome/86.0.4240.111 Safari/537.36"

10.81.139.23 - - [13/Nov/2020:21:26:45 +0100] "POST /~avats/view_account_details.php HTTP/1.1" 200 2126 "http://clabsql.clamv.jacobs-university.de/~avats/view_account_details.php" "Mozilla/5.0 (Macintosh; Intel Mac OS X 10_15_7) AppleWebKit/537.36 (KHTML, like Gecko) Chrome/86.0.4240.111 Safari/537.36"

10.81.159.225 - - [13/Nov/2020:14:12:45 +0100] "GET /~avats/maintenance.php HTTP/1.1" 302 2425 "http://clabsql.clamv.jacobs-university.de/~avats/index.php" "Mozilla/5.0 (Macintosh; Intel Mac OS X 10_15_6) AppleWebKit/605.1.15 (KHTML, like Gecko) Version/14.0.1 Safari/605.1.15"

10.81.159.225 - - [12/Nov/2020:22:15:36 +0100] "GET /~avats/show_general_accounts.php HTTP/1.1" 200 2117 "http://clabsql.clamv.jacobs-university.de/~avats/view_account_details.php" "Mozilla/5.0 (Macintosh; Intel Mac OS X 10_15_7) AppleWebKit/605.1.15 (KHTML, like Gecko) Version/14.0 Safari/605.1.15"

10.222.130.225 - - [10/Nov/2020:19:26:23 +0100] "GET /~avats/layout_logged_in.html HTTP/1.1" 404 1006 "-" "Mozilla/5.0 (Macintosh; Intel Mac OS X 10_15_7) AppleWebKit/537.36 (KHTML, like Gecko) Chrome/86.0.4240.111 Safari/537.36"

10.81.137.207 - - [11/Nov/2020:01:06:24 +0100] "GET /~avats/img/Backdrop.jpg HTTP/1.1" 200 40560 "http://clabsql.clamv.jacobs-university.de/~avats/common_style.css" "Mozilla/5.0 (X11; Linux x86_64) AppleWebKit/537.36 (KHTML, like Gecko) Chrome/85.0.4183.83 Safari/537.36"

10.81.139.23 - - [13/Nov/2020:21:20:55 +0100] "GET /~avats/view_account_details.php HTTP/1.1" 200 2499 "http://clabsql.clamv.jacobs-university.de/~avats/search_pages.php" "Mozilla/5.0 (Macintosh; Intel Mac OS X 10_15_7) AppleWebKit/537.36 (KHTML, like Gecko) Chrome/86.0.4240.111 Safari/537.36"

10.222.130.225 - - [10/Nov/2020:19:26:42 +0100] "GET /~avats/common_style.css HTTP/1.1" 200 3686 "http://clabsql.clamv.jacobs-university.de/~avats/admin_login.php?status=sign_in_required" "Mozilla/5.0 (Macintosh; Intel Mac OS X 10_15_7) AppleWebKit/537.36 (KHTML, like Gecko) Chrome/86.0.4240.111 Safari/537.36"

10.81.139.23 - - [13/Nov/2020:21:26:46 +0100] "GET /~avats/view_account_details.php HTTP/1.1" 200 2499 "http://clabsql.clamv.jacobs-university.de/~avats/search_pages.php" "Mozilla/5.0 (Macintosh; Intel Mac OS X 10_15_7) AppleWebKit/537.36 (KHTML, like Gecko) Chrome/86.0.4240.111 Safari/537.36"

10.222.130.225 - - [10/Nov/2020:19:30:30 +0100] "GET /~avats/video_streaming.php HTTP/1.1" 200 3483 "http://clabsql.clamv.jacobs-university.de/~avats/general_account.php" "Mozilla/5.0 (Macintosh; Intel Mac OS X 10_15_7) AppleWebKit/537.36 (KHTML, like Gecko) Chrome/86.0.4240.111 Safari/537.36"

10.81.139.23 - - [13/Nov/2020:21:16:29 +0100] "GET /~avats/show_general_accounts.php HTTP/1.1" 200 2117 "http://clabsql.clamv.jacobs-university.de/~avats/search_pages.php" "Mozilla/5.0 (Macintosh; Intel Mac OS X 10_15_7) AppleWebKit/537.36 (KHTML, like Gecko) Chrome/86.0.4240.111 Safari/537.36"

10.222.131.86 - - [13/Nov/2020:12:07:09 +0100] "GET /~avats/img/Backdrop.jpg HTTP/1.1" 200 40560 "http://clabsql.clamv.jacobs-university.de/~avats/common_style.css" "Mozilla/5.0 (Macintosh; Intel Mac OS X 11_0_0) AppleWebKit/537.36 (KHTML, like Gecko) Chrome/86.0.4240.193 Safari/537.36"

10.81.139.23 - - [13/Nov/2020:21:16:35 +0100] "POST /~avats/show_general_accounts.php HTTP/1.1" 200 4827 "http://clabsql.clamv.jacobs-university.de/~avats/show_general_accounts.php" "Mozilla/5.0 (Macintosh; Intel Mac OS X 10_15_7) AppleWebKit/537.36 (KHTML, like Gecko) Chrome/86.0.4240.111 Safari/537.36"

10.81.159.225 - - [11/Nov/2020:09:20:34 +0100] "GET /~avats/video_streaming.php HTTP/1.1" 200 3483 "http://clabsql.clamv.jacobs-university.de/~avats/general_account.php" "Mozilla/5.0 (Macintosh; Intel Mac OS X 10_15_7) AppleWebKit/605.1.15 (KHTML, like Gecko) Version/14.0 Safari/605.1.15"

10.222.130.225 - - [10/Nov/2020:19:26:42 +0100] "GET /~avats/img/Backdrop.jpg HTTP/1.1" 200 40560 "http://clabsql.clamv.jacobs-university.de/~avats/common_style.css" "Mozilla/5.0 (Macintosh; Intel Mac OS X 10_15_7) AppleWebKit/537.36 (KHTML, like Gecko) Chrome/86.0.4240.111 Safari/537.36"

10.81.139.23 - - [13/Nov/2020:21:24:03 +0100] "GET /favicon.ico HTTP/1.1" 200 302 "http://clabsql.clamv.jacobs-university.de/~avats/view_account_details.php" "Mozilla/5.0 (Macintosh; Intel Mac OS X 10_15_7) AppleWebKit/537.36 (KHTML, like Gecko) Chrome/86.0.4240.111 Safari/537.36"

10.81.139.23 - - [13/Nov/2020:21:29:30 +0100] "POST /~avats/show_general_accounts.php HTTP/1.1" 200 2284 "http://clabsql.clamv.jacobs-university.de/~avats/show_general_accounts.php" "Mozilla/5.0 (Macintosh; Intel Mac OS X 10_15_7) AppleWebKit/537.36 (KHTML, like Gecko) Chrome/86.0.4240.111 Safari/537.36"

10.81.137.207 - - [11/Nov/2020:01:09:20 +0100] "GET /~avats/search_pages.php HTTP/1.1" 200 2330 "http://clabsql.clamv.jacobs-university.de/~avats/show_general_accounts.php" "Mozilla/5.0 (X11; Linux x86_64) AppleWebKit/537.36 (KHTML, like Gecko) Chrome/85.0.4183.83 Safari/537.36"

10.81.159.225 - - [11/Nov/2020:09:21:58 +0100] "GET /~avats/VPN.php HTTP/1.1" 200 25717 "http://clabsql.clamv.jacobs-university.de/~avats/general_account.php" "Mozilla/5.0 (Macintosh; Intel Mac OS X 10_15_7) AppleWebKit/605.1.15 (KHTML, like Gecko) Version/14.0 Safari/605.1.15"

10.81.139.23 - - [13/Nov/2020:21:26:09 +0100] "POST /~avats/view_account_details.php HTTP/1.1" 200 2126 "http://clabsql.clamv.jacobs-university.de/~avats/view_account_details.php" "Mozilla/5.0 (Macintosh; Intel Mac OS X 10_15_7) AppleWebKit/537.36 (KHTML, like Gecko) Chrome/86.0.4240.111 Safari/537.36"

10.81.159.225 - - [11/Nov/2020:09:24:49 +0100] "GET /~avats/success.php HTTP/1.1" 404 1227 "http://clabsql.clamv.jacobs-university.de/~avats/related_account.php" "Mozilla/5.0 (Macintosh; Intel Mac OS X 10_15_7) AppleWebKit/605.1.15 (KHTML, like Gecko) Version/14.0 Safari/605.1.15"

10.81.139.23 - - [13/Nov/2020:21:02:27 +0100] "GET /~avats/img/Backdrop.jpg HTTP/1.1" 200 40560 "http://clabsql.clamv.jacobs-university.de/~avats/common_style.css" "Mozilla/5.0 (Macintosh; Intel Mac OS X 10_15_7) AppleWebKit/537.36 (KHTML, like Gecko) Chrome/86.0.4240.111 Safari/537.36"

10.81.139.23 - - [13/Nov/2020:21:10:35 +0100] "GET /~avats/logout.php HTTP/1.1" 302 - "http://clabsql.clamv.jacobs-university.de/~avats/single_row.php" "Mozilla/5.0 (Macintosh; Intel Mac OS X 10_15_7) AppleWebKit/537.36 (KHTML, like Gecko) Chrome/86.0.4240.111 Safari/537.36"

10.81.139.23 - - [13/Nov/2020:21:29:33 +0100] "GET /favicon.ico HTTP/1.1" 200 302 "http://clabsql.clamv.jacobs-university.de/~avats/show_general_accounts.php" "Mozilla/5.0 (Macintosh; Intel Mac OS X 10_15_7) AppleWebKit/537.36 (KHTML, like Gecko) Chrome/86.0.4240.111 Safari/537.36"

10.81.139.23 - - [13/Nov/2020:21:16:45 +0100] "GET /~avats/maintenance.php HTTP/1.1" 302 2425 "-" "Mozilla/5.0 (Macintosh; Intel Mac OS X 10_15_7) AppleWebKit/537.36 (KHTML, like Gecko) Chrome/86.0.4240.111 Safari/537.36"

10.81.137.207 - - [11/Nov/2020:01:10:22 +0100] "POST /~avats/show_general_accounts.php HTTP/1.1" 200 2261 "http://clabsql.clamv.jacobs-university.de/~avats/show_general_accounts.php" "Mozilla/5.0 (X11; Linux x86_64) AppleWebKit/537.36 (KHTML, like Gecko) Chrome/85.0.4183.83 Safari/537.36"

10.81.159.225 - - [12/Nov/2020:22:13:58 +0100] "GET /~avats/search_pages.php HTTP/1.1" 200 2360 "http://clabsql.clamv.jacobs-university.de/~avats/view_account_details.php" "Mozilla/5.0 (Macintosh; Intel Mac OS X 10_15_7) AppleWebKit/605.1.15 (KHTML, like Gecko) Version/14.0 Safari/605.1.15"

10.222.130.225 - - [10/Nov/2020:19:27:04 +0100] "GET /~avats/admin_login.php?status=sign_in_required HTTP/1.1" 200 2262 "http://clabsql.clamv.jacobs-university.de/~avats/admin_login.php?status=sign_in_required" "Mozilla/5.0 (Macintosh; Intel Mac OS X 10_15_7) AppleWebKit/537.36 (KHTML, like Gecko) Chrome/86.0.4240.111 Safari/537.36"

10.81.139.23 - - [13/Nov/2020:21:10:35 +0100] "GET /~avats/index.php HTTP/1.1" 200 2812 "http://clabsql.clamv.jacobs-university.de/~avats/single_row.php" "Mozilla/5.0 (Macintosh; Intel Mac OS X 10_15_7) AppleWebKit/537.36 (KHTML, like Gecko) Chrome/86.0.4240.111 Safari/537.36"

10.81.159.225 - - [12/Nov/2020:22:15:25 +0100] "GET /~avats/view_account_details.php HTTP/1.1" 200 2499 "http://clabsql.clamv.jacobs-university.de/~avats/search_pages.php" "Mozilla/5.0 (Macintosh; Intel Mac OS X 10_15_7) AppleWebKit/605.1.15 (KHTML, like Gecko) Version/14.0 Safari/605.1.15"

10.81.159.225 - - [11/Nov/2020:09:19:41 +0100] "GET /~avats/registration.php HTTP/1.1" 200 3743 "http://clabsql.clamv.jacobs-university.de/~avats/maintenance.php" "Mozilla/5.0 (Macintosh; Intel Mac OS X 10_15_7) AppleWebKit/605.1.15 (KHTML, like Gecko) Version/14.0 Safari/605.1.15"

10.81.139.23 - - [13/Nov/2020:21:16:47 +0100] "GET /~avats/search_pages.php HTTP/1.1" 200 2360 "http://clabsql.clamv.jacobs-university.de/~avats/admin_login.php?status=sign_in_required" "Mozilla/5.0 (Macintosh; Intel Mac OS X 10_15_7) AppleWebKit/537.36 (KHTML, like Gecko) Chrome/86.0.4240.111 Safari/537.36"

10.81.139.23 - - [13/Nov/2020:21:27:04 +0100] "POST /~avats/view_account_details.php HTTP/1.1" 200 2732 "http://clabsql.clamv.jacobs-university.de/~avats/view_account_details.php" "Mozilla/5.0 (Macintosh; Intel Mac OS X 10_15_7) AppleWebKit/537.36 (KHTML, like Gecko) Chrome/86.0.4240.111 Safari/537.36"

10.81.159.225 - - [12/Nov/2020:22:16:42 +0100] "GET /~avats/search_pages.php HTTP/1.1" 200 2360 "http://clabsql.clamv.jacobs-university.de/~avats/Info_for_sub_type.php" "Mozilla/5.0 (Macintosh; Intel Mac OS X 10_15_7) AppleWebKit/605.1.15 (KHTML, like Gecko) Version/14.0 Safari/605.1.15"

10.81.161.56 - - [13/Nov/2020:21:15:11 +0100] "POST /~avats/show_general_accounts.php HTTP/1.1" 200 2291 "http://clabsql.clamv.jacobs-university.de/~avats/show_general_accounts.php" "Mozilla/5.0 (Windows NT 10.0; Win64; x64) AppleWebKit/537.36 (KHTML, like Gecko) Chrome/86.0.4240.193 Safari/537.36"

10.81.161.56 - - [13/Nov/2020:21:15:04 +0100] "GET /~avats/search_pages.php HTTP/1.1" 200 2360 "http://clabsql.clamv.jacobs-university.de/~avats/view_account_details.php" "Mozilla/5.0 (Windows NT 10.0; Win64; x64) AppleWebKit/537.36 (KHTML, like Gecko) Chrome/86.0.4240.193 Safari/537.36"

10.81.139.23 - - [13/Nov/2020:21:26:18 +0100] "POST /~avats/view_account_details.php HTTP/1.1" 200 2126 "http://clabsql.clamv.jacobs-university.de/~avats/view_account_details.php" "Mozilla/5.0 (Macintosh; Intel Mac OS X 10_15_7) AppleWebKit/537.36 (KHTML, like Gecko) Chrome/86.0.4240.111 Safari/537.36"

10.81.161.56 - - [13/Nov/2020:21:13:13 +0100] "GET /~avats/view_account_details.php HTTP/1.1" 200 2499 "http://clabsql.clamv.jacobs-university.de/~avats/search_pages.php" "Mozilla/5.0 (Windows NT 10.0; Win64; x64) AppleWebKit/537.36 (KHTML, like Gecko) Chrome/86.0.4240.193 Safari/537.36"

10.81.161.56 - - [13/Nov/2020:21:02:23 +0100] "GET /~avats/common_style.css HTTP/1.1" 200 3686 "http://clabsql.clamv.jacobs-university.de/~avats/" "Mozilla/5.0 (Windows NT 10.0; Win64; x64) AppleWebKit/537.36 (KHTML, like Gecko) Chrome/86.0.4240.193 Safari/537.36"

10.81.159.225 - - [13/Nov/2020:14:12:37 +0100] "GET /~avats/common_style.css HTTP/1.1" 200 3686 "http://clabsql.clamv.jacobs-university.de/~avats/Info_for_sub_type.php" "Mozilla/5.0 (Macintosh; Intel Mac OS X 10_15_6) AppleWebKit/605.1.15 (KHTML, like Gecko) Version/14.0.1 Safari/605.1.15"

10.81.161.56 - - [13/Nov/2020:21:31:40 +0100] "GET /~avats/search_pages.php HTTP/1.1" 200 2360 "http://clabsql.clamv.jacobs-university.de/~avats/admin_login.php?status=sign_in_required" "Mozilla/5.0 (Windows NT 10.0; Win64; x64) AppleWebKit/537.36 (KHTML, like Gecko) Chrome/86.0.4240.193 Safari/537.36"

10.81.139.23 - - [13/Nov/2020:21:26:19 +0100] "GET /~avats/view_account_details.php HTTP/1.1" 200 2499 "http://clabsql.clamv.jacobs-university.de/~avats/search_pages.php" "Mozilla/5.0 (Macintosh; Intel Mac OS X 10_15_7) AppleWebKit/537.36 (KHTML, like Gecko) Chrome/86.0.4240.111 Safari/537.36"

10.81.137.207 - - [11/Nov/2020:01:06:49 +0100] "GET /~avats/maintenance.php HTTP/1.1" 302 2425 "http://clabsql.clamv.jacobs-university.de/~avats/admin_login.php" "Mozilla/5.0 (X11; Linux x86_64) AppleWebKit/537.36 (KHTML, like Gecko) Chrome/85.0.4183.83 Safari/537.36"

10.81.161.56 - - [13/Nov/2020:21:02:25 +0100] "GET /favicon.ico HTTP/1.1" 200 302 "http://clabsql.clamv.jacobs-university.de/~avats/" "Mozilla/5.0 (Windows NT 10.0; Win64; x64) AppleWebKit/537.36 (KHTML, like Gecko) Chrome/86.0.4240.193 Safari/537.36"

10.81.159.225 - - [11/Nov/2020:09:22:15 +0100] "POST /~avats/related_account.php HTTP/1.1" 302 1916 "http://clabsql.clamv.jacobs-university.de/~avats/related_account.php" "Mozilla/5.0 (Macintosh; Intel Mac OS X 10_15_7) AppleWebKit/605.1.15 (KHTML, like Gecko) Version/14.0 Safari/605.1.15"

10.81.161.56 - - [13/Nov/2020:21:02:29 +0100] "GET /~avats/search_pages.php HTTP/1.1" 200 2360 "http://clabsql.clamv.jacobs-university.de/~avats/admin_login.php?status=sign_in_required" "Mozilla/5.0 (Windows NT 10.0; Win64; x64) AppleWebKit/537.36 (KHTML, like Gecko) Chrome/86.0.4240.193 Safari/537.36"

10.81.137.207 - - [11/Nov/2020:01:09:33 +0100] "POST /~avats/view_account_details.php HTTP/1.1" 200 2702 "http://clabsql.clamv.jacobs-university.de/~avats/view_account_details.php" "Mozilla/5.0 (X11; Linux x86_64) AppleWebKit/537.36 (KHTML, like Gecko) Chrome/85.0.4183.83 Safari/537.36"

10.81.139.23 - - [13/Nov/2020:21:21:35 +0100] "GET /~avats/view_account_details.php HTTP/1.1" 200 2499 "http://clabsql.clamv.jacobs-university.de/~avats/search_pages.php" "Mozilla/5.0 (Macintosh; Intel Mac OS X 10_15_7) AppleWebKit/537.36 (KHTML, like Gecko) Chrome/86.0.4240.111 Safari/537.36"

10.81.137.207 - - [11/Nov/2020:01:06:24 +0100] "GET /~avats/img/logo.png HTTP/1.1" 200 278589 "http://clabsql.clamv.jacobs-university.de/~avats/" "Mozilla/5.0 (X11; Linux x86_64) AppleWebKit/537.36 (KHTML, like Gecko) Chrome/85.0.4183.83 Safari/537.36"

10.81.159.225 - - [12/Nov/2020:22:15:40 +0100] "GET /~avats/search_pages.php HTTP/1.1" 200 2360 "http://clabsql.clamv.jacobs-university.de/~avats/show_general_accounts.php" "Mozilla/5.0 (Macintosh; Intel Mac OS X 10_15_7) AppleWebKit/605.1.15 (KHTML, like Gecko) Version/14.0 Safari/605.1.15"

10.81.139.23 - - [13/Nov/2020:21:16:26 +0100] "GET /~avats/view_account_details.php HTTP/1.1" 200 2499 "http://clabsql.clamv.jacobs-university.de/~avats/search_pages.php" "Mozilla/5.0 (Macintosh; Intel Mac OS X 10_15_7) AppleWebKit/537.36 (KHTML, like Gecko) Chrome/86.0.4240.111 Safari/537.36"

10.81.139.23 - - [13/Nov/2020:21:29:30 +0100] "GET /favicon.ico HTTP/1.1" 200 302 "http://clabsql.clamv.jacobs-university.de/~avats/show_general_accounts.php" "Mozilla/5.0 (Macintosh; Intel Mac OS X 10_15_7) AppleWebKit/537.36 (KHTML, like Gecko) Chrome/86.0.4240.111 Safari/537.36"

10.81.159.225 - - [11/Nov/2020:09:22:19 +0100] "POST /~avats/related_account.php HTTP/1.1" 302 1916 "http://clabsql.clamv.jacobs-university.de/~avats/related_account.php" "Mozilla/5.0 (Macintosh; Intel Mac OS X 10_15_7) AppleWebKit/605.1.15 (KHTML, like Gecko) Version/14.0 Safari/605.1.15"

10.81.159.225 - - [12/Nov/2020:22:16:39 +0100] "POST /~avats/Info_for_sub_type.php HTTP/1.1" 200 1136 "http://clabsql.clamv.jacobs-university.de/~avats/Info_for_sub_type.php" "Mozilla/5.0 (Macintosh; Intel Mac OS X 10_15_7) AppleWebKit/605.1.15 (KHTML, like Gecko) Version/14.0 Safari/605.1.15"

10.81.137.207 - - [11/Nov/2020:01:06:24 +0100] "GET /~avats/ HTTP/1.1" 200 2812 "-" "Mozilla/5.0 (X11; Linux x86_64) AppleWebKit/537.36 (KHTML, like Gecko) Chrome/85.0.4183.83 Safari/537.36"

10.81.159.225 - - [13/Nov/2020:14:12:57 +0100] "GET /~avats/index.php HTTP/1.1" 200 2812 "-" "Mozilla/5.0 (Macintosh; Intel Mac OS X 10_15_6) AppleWebKit/605.1.15 (KHTML, like Gecko) Version/14.0.1 Safari/605.1.15"

10.81.159.225 - - [11/Nov/2020:09:22:01 +0100] "GET /~avats/related_account.php HTTP/1.1" 200 6604 "http://clabsql.clamv.jacobs-university.de/~avats/maintenance.php" "Mozilla/5.0 (Macintosh; Intel Mac OS X 10_15_7) AppleWebKit/605.1.15 (KHTML, like Gecko) Version/14.0 Safari/605.1.15"

10.81.139.23 - - [13/Nov/2020:21:02:32 +0100] "GET /~avats/maintenance.php HTTP/1.1" 200 2395 "http://clabsql.clamv.jacobs-university.de/~avats/admin_login.php?status=sign_in_required" "Mozilla/5.0 (Macintosh; Intel Mac OS X 10_15_7) AppleWebKit/537.36 (KHTML, like Gecko) Chrome/86.0.4240.111 Safari/537.36"

10.81.139.23 - - [13/Nov/2020:21:20:17 +0100] "POST /~avats/view_account_details.php HTTP/1.1" 200 2732 "http://clabsql.clamv.jacobs-university.de/~avats/view_account_details.php" "Mozilla/5.0 (Macintosh; Intel Mac OS X 10_15_7) AppleWebKit/537.36 (KHTML, like Gecko) Chrome/86.0.4240.111 Safari/537.36"

10.81.139.23 - - [13/Nov/2020:21:20:28 +0100] "GET /~avats/view_account_details.php HTTP/1.1" 200 2499 "http://clabsql.clamv.jacobs-university.de/~avats/search_pages.php" "Mozilla/5.0 (Macintosh; Intel Mac OS X 10_15_7) AppleWebKit/537.36 (KHTML, like Gecko) Chrome/86.0.4240.111 Safari/537.36"

10.81.137.207 - - [11/Nov/2020:01:08:47 +0100] "GET /~avats/show_general_accounts.php HTTP/1.1" 200 2087 "http://clabsql.clamv.jacobs-university.de/~avats/view_account_details.php" "Mozilla/5.0 (X11; Linux x86_64) AppleWebKit/537.36 (KHTML, like Gecko) Chrome/85.0.4183.83 Safari/537.36"

10.81.161.56 - - [13/Nov/2020:21:02:23 +0100] "GET /~avats/ HTTP/1.1" 200 2812 "-" "Mozilla/5.0 (Windows NT 10.0; Win64; x64) AppleWebKit/537.36 (KHTML, like Gecko) Chrome/86.0.4240.193 Safari/537.36"

10.81.139.23 - - [13/Nov/2020:21:19:26 +0100] "POST /~avats/view_account_details.php HTTP/1.1" 200 2126 "http://clabsql.clamv.jacobs-university.de/~avats/view_account_details.php" "Mozilla/5.0 (Macintosh; Intel Mac OS X 10_15_7) AppleWebKit/537.36 (KHTML, like Gecko) Chrome/86.0.4240.111 Safari/537.36"

10.81.139.23 - - [13/Nov/2020:21:02:26 +0100] "GET /~avats/maintenance.php HTTP/1.1" 302 2425 "-" "Mozilla/5.0 (Macintosh; Intel Mac OS X 10_15_7) AppleWebKit/537.36 (KHTML, like Gecko) Chrome/86.0.4240.111 Safari/537.36"

10.81.139.23 - - [13/Nov/2020:21:25:44 +0100] "GET /favicon.ico HTTP/1.1" 200 302 "http://clabsql.clamv.jacobs-university.de/~avats/view_account_details.php" "Mozilla/5.0 (Macintosh; Intel Mac OS X 10_15_7) AppleWebKit/537.36 (KHTML, like Gecko) Chrome/86.0.4240.111 Safari/537.36"

10.81.139.23 - - [13/Nov/2020:21:24:04 +0100] "GET /~avats/view_account_details.php HTTP/1.1" 200 2499 "http://clabsql.clamv.jacobs-university.de/~avats/search_pages.php" "Mozilla/5.0 (Macintosh; Intel Mac OS X 10_15_7) AppleWebKit/537.36 (KHTML, like Gecko) Chrome/86.0.4240.111 Safari/537.36"

10.81.159.225 - - [11/Nov/2020:09:25:54 +0100] "GET /~avats/success.php HTTP/1.1" 404 1227 "http://clabsql.clamv.jacobs-university.de/~avats/related_account.php" "Mozilla/5.0 (Macintosh; Intel Mac OS X 10_15_7) AppleWebKit/605.1.15 (KHTML, like Gecko) Version/14.0 Safari/605.1.15"

10.81.159.225 - - [11/Nov/2020:09:16:53 +0100] "GET /~avats/admin_login.php?status=sign_in_required HTTP/1.1" 200 2262 "-" "Mozilla/5.0 (Macintosh; Intel Mac OS X 10_15_7) AppleWebKit/605.1.15 (KHTML, like Gecko) Version/14.0 Safari/605.1.15"

10.81.159.225 - - [11/Nov/2020:09:27:08 +0100] "GET /~avats/index.php HTTP/1.1" 200 2812 "http://clabsql.clamv.jacobs-university.de/~avats/maintenance.php" "Mozilla/5.0 (Macintosh; Intel Mac OS X 10_15_7) AppleWebKit/605.1.15 (KHTML, like Gecko) Version/14.0 Safari/605.1.15"

10.81.159.225 - - [11/Nov/2020:09:16:53 +0100] "GET /~avats/maintenance.php HTTP/1.1" 302 2425 "-" "Mozilla/5.0 (Macintosh; Intel Mac OS X 10_15_7) AppleWebKit/605.1.15 (KHTML, like Gecko) Version/14.0 Safari/605.1.15"

10.81.139.23 - - [13/Nov/2020:21:29:34 +0100] "GET /~avats/search_pages.php HTTP/1.1" 200 2360 "http://clabsql.clamv.jacobs-university.de/~avats/show_general_accounts.php" "Mozilla/5.0 (Macintosh; Intel Mac OS X 10_15_7) AppleWebKit/537.36 (KHTML, like Gecko) Chrome/86.0.4240.111 Safari/537.36"

10.81.159.225 - - [11/Nov/2020:09:19:39 +0100] "GET /~avats/maintenance.php HTTP/1.1" 200 2395 "http://clabsql.clamv.jacobs-university.de/~avats/admin_login.php?status=sign_in_required" "Mozilla/5.0 (Macintosh; Intel Mac OS X 10_15_7) AppleWebKit/605.1.15 (KHTML, like Gecko) Version/14.0 Safari/605.1.15"

10.222.130.225 - - [10/Nov/2020:19:27:01 +0100] "GET /~avats/admin_login.php?status=sign_in_required HTTP/1.1" 200 2262 "http://clabsql.clamv.jacobs-university.de/~avats/admin_login.php?status=sign_in_required" "Mozilla/5.0 (Macintosh; Intel Mac OS X 10_15_7) AppleWebKit/537.36 (KHTML, like Gecko) Chrome/86.0.4240.111 Safari/537.36"

10.81.137.207 - - [11/Nov/2020:01:13:39 +0100] "GET /~avats/admin_login.php?status=sign_in_required HTTP/1.1" 200 2262 "http://clabsql.clamv.jacobs-university.de/~avats/index.php" "Mozilla/5.0 (X11; Linux x86_64) AppleWebKit/537.36 (KHTML, like Gecko) Chrome/85.0.4183.83 Safari/537.36"

10.81.161.56 - - [13/Nov/2020:21:02:32 +0100] "GET /~avats/admin_login.php HTTP/1.1" 200 2229 "http://clabsql.clamv.jacobs-university.de/~avats/search_pages.php" "Mozilla/5.0 (Windows NT 10.0; Win64; x64) AppleWebKit/537.36 (KHTML, like Gecko) Chrome/86.0.4240.193 Safari/537.36"

10.81.159.225 - - [10/Nov/2020:16:03:13 +0100] "GET /~avats/common_style.css HTTP/1.1" 200 3686 "http://clabsql.clamv.jacobs-university.de/~avats/admin_login.php?status=sign_in_required" "Mozilla/5.0 (Macintosh; Intel Mac OS X 10_15_7) AppleWebKit/605.1.15 (KHTML, like Gecko) Version/14.0 Safari/605.1.15"

10.81.139.23 - - [13/Nov/2020:21:29:33 +0100] "POST /~avats/show_general_accounts.php HTTP/1.1" 200 2284 "http://clabsql.clamv.jacobs-university.de/~avats/show_general_accounts.php" "Mozilla/5.0 (Macintosh; Intel Mac OS X 10_15_7) AppleWebKit/537.36 (KHTML, like Gecko) Chrome/86.0.4240.111 Safari/537.36"

10.81.161.56 - - [13/Nov/2020:21:12:49 +0100] "GET /~avats/ HTTP/1.1" 200 2812 "-" "Mozilla/5.0 (Windows NT 10.0; Win64; x64) AppleWebKit/537.36 (KHTML, like Gecko) Chrome/86.0.4240.193 Safari/537.36"

10.81.137.207 - - [11/Nov/2020:01:07:54 +0100] "GET /~avats/maintenance.php HTTP/1.1" 200 2395 "http://clabsql.clamv.jacobs-university.de/~avats/admin_login.php" "Mozilla/5.0 (X11; Linux x86_64) AppleWebKit/537.36 (KHTML, like Gecko) Chrome/85.0.4183.83 Safari/537.36"

10.81.137.207 - - [11/Nov/2020:01:08:06 +0100] "GET /~avats/search_pages.php HTTP/1.1" 200 2330 "http://clabsql.clamv.jacobs-university.de/~avats/maintenance.php" "Mozilla/5.0 (X11; Linux x86_64) AppleWebKit/537.36 (KHTML, like Gecko) Chrome/85.0.4183.83 Safari/537.36"

10.81.159.225 - - [10/Nov/2020:16:03:13 +0100] "GET /~avats/img/Backdrop.jpg HTTP/1.1" 200 40560 "http://clabsql.clamv.jacobs-university.de/~avats/admin_login.php?status=sign_in_required" "Mozilla/5.0 (Macintosh; Intel Mac OS X 10_15_7) AppleWebKit/605.1.15 (KHTML, like Gecko) Version/14.0 Safari/605.1.15"

10.222.130.225 - - [10/Nov/2020:19:26:42 +0100] "GET /~avats/admin_login.php?status=sign_in_required HTTP/1.1" 200 2262 "-" "Mozilla/5.0 (Macintosh; Intel Mac OS X 10_15_7) AppleWebKit/537.36 (KHTML, like Gecko) Chrome/86.0.4240.111 Safari/537.36"

10.222.131.86 - - [13/Nov/2020:12:07:09 +0100] "GET /~avats/img/logo.png HTTP/1.1" 200 278589 "http://clabsql.clamv.jacobs-university.de/~avats/" "Mozilla/5.0 (Macintosh; Intel Mac OS X 11_0_0) AppleWebKit/537.36 (KHTML, like Gecko) Chrome/86.0.4240.193 Safari/537.36"

10.81.159.225 - - [11/Nov/2020:09:24:49 +0100] "POST /~avats/related_account.php HTTP/1.1" 302 1916 "http://clabsql.clamv.jacobs-university.de/~avats/related_account.php" "Mozilla/5.0 (Macintosh; Intel Mac OS X 10_15_7) AppleWebKit/605.1.15 (KHTML, like Gecko) Version/14.0 Safari/605.1.15"

10.81.159.225 - - [12/Nov/2020:22:14:58 +0100] "GET /~avats/show_general_accounts.php HTTP/1.1" 200 2117 "http://clabsql.clamv.jacobs-university.de/~avats/search_pages.php" "Mozilla/5.0 (Macintosh; Intel Mac OS X 10_15_7) AppleWebKit/605.1.15 (KHTML, like Gecko) Version/14.0 Safari/605.1.15"

10.81.161.56 - - [13/Nov/2020:21:13:24 +0100] "GET /~avats/view_account_details.php HTTP/1.1" 200 2499 "http://clabsql.clamv.jacobs-university.de/~avats/search_pages.php" "Mozilla/5.0 (Windows NT 10.0; Win64; x64) AppleWebKit/537.36 (KHTML, like Gecko) Chrome/86.0.4240.193 Safari/537.36"

10.81.161.56 - - [13/Nov/2020:21:13:04 +0100] "GET /~avats/search_pages.php HTTP/1.1" 200 2360 "http://clabsql.clamv.jacobs-university.de/~avats/" "Mozilla/5.0 (Windows NT 10.0; Win64; x64) AppleWebKit/537.36 (KHTML, like Gecko) Chrome/86.0.4240.193 Safari/537.36"

10.81.139.23 - - [13/Nov/2020:21:16:45 +0100] "GET /~avats/admin_login.php?status=sign_in_required HTTP/1.1" 200 2262 "-" "Mozilla/5.0 (Macintosh; Intel Mac OS X 10_15_7) AppleWebKit/537.36 (KHTML, like Gecko) Chrome/86.0.4240.111 Safari/537.36"

10.81.137.207 - - [11/Nov/2020:01:13:39 +0100] "GET /~avats/registration.php HTTP/1.1" 302 3773 "http://clabsql.clamv.jacobs-university.de/~avats/index.php" "Mozilla/5.0 (X11; Linux x86_64) AppleWebKit/537.36 (KHTML, like Gecko) Chrome/85.0.4183.83 Safari/537.36"

10.81.161.56 - - [13/Nov/2020:21:13:32 +0100] "POST /~avats/view_account_details.php HTTP/1.1" 200 2732 "http://clabsql.clamv.jacobs-university.de/~avats/view_account_details.php" "Mozilla/5.0 (Windows NT 10.0; Win64; x64) AppleWebKit/537.36 (KHTML, like Gecko) Chrome/86.0.4240.193 Safari/537.36"

10.222.130.225 - - [10/Nov/2020:19:30:47 +0100] "GET /~avats/maintenance.php HTTP/1.1" 302 2425 "http://clabsql.clamv.jacobs-university.de/~avats/index.php" "Mozilla/5.0 (Macintosh; Intel Mac OS X 10_15_7) AppleWebKit/537.36 (KHTML, like Gecko) Chrome/86.0.4240.111 Safari/537.36"

10.81.139.23 - - [13/Nov/2020:21:10:30 +0100] "POST /~avats/single_row.php HTTP/1.1" 200 2094 "http://clabsql.clamv.jacobs-university.de/~avats/Info_for_sub_type.php" "Mozilla/5.0 (Macintosh; Intel Mac OS X 10_15_7) AppleWebKit/537.36 (KHTML, like Gecko) Chrome/86.0.4240.111 Safari/537.36"

10.81.159.225 - - [11/Nov/2020:09:22:10 +0100] "POST /~avats/related_account.php HTTP/1.1" 302 1916 "http://clabsql.clamv.jacobs-university.de/~avats/related_account.php" "Mozilla/5.0 (Macintosh; Intel Mac OS X 10_15_7) AppleWebKit/605.1.15 (KHTML, like Gecko) Version/14.0 Safari/605.1.15"

10.81.139.23 - - [13/Nov/2020:21:10:29 +0100] "POST /~avats/Info_for_sub_type.php HTTP/1.1" 200 1910 "http://clabsql.clamv.jacobs-university.de/~avats/Info_for_sub_type.php" "Mozilla/5.0 (Macintosh; Intel Mac OS X 10_15_7) AppleWebKit/537.36 (KHTML, like Gecko) Chrome/86.0.4240.111 Safari/537.36"

10.81.159.225 - - [12/Nov/2020:22:15:15 +0100] "POST /~avats/show_general_accounts.php HTTP/1.1" 200 2285 "http://clabsql.clamv.jacobs-university.de/~avats/show_general_accounts.php" "Mozilla/5.0 (Macintosh; Intel Mac OS X 10_15_7) AppleWebKit/605.1.15 (KHTML, like Gecko) Version/14.0 Safari/605.1.15"

10.81.137.207 - - [11/Nov/2020:01:07:23 +0100] "GET /~avats/index.php HTTP/1.1" 200 2812 "http://clabsql.clamv.jacobs-university.de/~avats/admin_login.php?status=sign_in_required" "Mozilla/5.0 (X11; Linux x86_64) AppleWebKit/537.36 (KHTML, like Gecko) Chrome/85.0.4183.83 Safari/537.36"

10.81.139.23 - - [13/Nov/2020:21:20:51 +0100] "GET /~avats/view_account_details.php HTTP/1.1" 200 2499 "http://clabsql.clamv.jacobs-university.de/~avats/search_pages.php" "Mozilla/5.0 (Macintosh; Intel Mac OS X 10_15_7) AppleWebKit/537.36 (KHTML, like Gecko) Chrome/86.0.4240.111 Safari/537.36"

10.81.139.23 - - [13/Nov/2020:21:19:31 +0100] "GET /~avats/view_account_details.php HTTP/1.1" 200 2499 "http://clabsql.clamv.jacobs-university.de/~avats/search_pages.php" "Mozilla/5.0 (Macintosh; Intel Mac OS X 10_15_7) AppleWebKit/537.36 (KHTML, like Gecko) Chrome/86.0.4240.111 Safari/537.36"

10.81.137.207 - - [11/Nov/2020:01:08:23 +0100] "GET /~avats/search_pages.php HTTP/1.1" 200 2330 "http://clabsql.clamv.jacobs-university.de/~avats/maintenance.php" "Mozilla/5.0 (X11; Linux x86_64) AppleWebKit/537.36 (KHTML, like Gecko) Chrome/85.0.4183.83 Safari/537.36"

10.81.139.23 - - [13/Nov/2020:21:26:39 +0100] "POST /~avats/view_account_details.php HTTP/1.1" 200 2126 "http://clabsql.clamv.jacobs-university.de/~avats/view_account_details.php" "Mozilla/5.0 (Macintosh; Intel Mac OS X 10_15_7) AppleWebKit/537.36 (KHTML, like Gecko) Chrome/86.0.4240.111 Safari/537.36"

10.81.139.23 - - [13/Nov/2020:21:02:32 +0100] "POST /~avats/admin_login.php?status=sign_in_required HTTP/1.1" 302 2182 "http://clabsql.clamv.jacobs-university.de/~avats/admin_login.php?status=sign_in_required" "Mozilla/5.0 (Macintosh; Intel Mac OS X 10_15_7) AppleWebKit/537.36 (KHTML, like Gecko) Chrome/86.0.4240.111 Safari/537.36"

10.81.159.225 - - [13/Nov/2020:14:12:45 +0100] "GET /~avats/admin_login.php?status=sign_in_required HTTP/1.1" 200 2262 "http://clabsql.clamv.jacobs-university.de/~avats/index.php" "Mozilla/5.0 (Macintosh; Intel Mac OS X 10_15_6) AppleWebKit/605.1.15 (KHTML, like Gecko) Version/14.0.1 Safari/605.1.15"

10.81.159.225 - - [13/Nov/2020:14:12:37 +0100] "GET /~avats/img/logo.png HTTP/1.1" 200 278589 "http://clabsql.clamv.jacobs-university.de/~avats/Info_for_sub_type.php" "Mozilla/5.0 (Macintosh; Intel Mac OS X 10_15_6) AppleWebKit/605.1.15 (KHTML, like Gecko) Version/14.0.1 Safari/605.1.15"

10.81.137.207 - - [11/Nov/2020:01:09:21 +0100] "GET /~avats/view_account_details.php HTTP/1.1" 200 2469 "http://clabsql.clamv.jacobs-university.de/~avats/search_pages.php" "Mozilla/5.0 (X11; Linux x86_64) AppleWebKit/537.36 (KHTML, like Gecko) Chrome/85.0.4183.83 Safari/537.36"

10.81.137.207 - - [11/Nov/2020:01:10:26 +0100] "GET /~avats/view_account_details.php HTTP/1.1" 200 2469 "http://clabsql.clamv.jacobs-university.de/~avats/search_pages.php" "Mozilla/5.0 (X11; Linux x86_64) AppleWebKit/537.36 (KHTML, like Gecko) Chrome/85.0.4183.83 Safari/537.36"

10.81.159.225 - - [11/Nov/2020:09:23:02 +0100] "POST /~avats/related_account.php HTTP/1.1" 302 1916 "http://clabsql.clamv.jacobs-university.de/~avats/related_account.php" "Mozilla/5.0 (Macintosh; Intel Mac OS X 10_15_7) AppleWebKit/605.1.15 (KHTML, like Gecko) Version/14.0 Safari/605.1.15"

10.81.161.56 - - [13/Nov/2020:21:13:11 +0100] "POST /~avats/view_account_details.php HTTP/1.1" 200 2732 "http://clabsql.clamv.jacobs-university.de/~avats/view_account_details.php" "Mozilla/5.0 (Windows NT 10.0; Win64; x64) AppleWebKit/537.36 (KHTML, like Gecko) Chrome/86.0.4240.193 Safari/537.36"

10.222.130.225 - - [10/Nov/2020:19:26:42 +0100] "GET /~avats/maintenance.php HTTP/1.1" 302 2425 "-" "Mozilla/5.0 (Macintosh; Intel Mac OS X 10_15_7) AppleWebKit/537.36 (KHTML, like Gecko) Chrome/86.0.4240.111 Safari/537.36"

10.81.159.225 - - [13/Nov/2020:14:12:37 +0100] "GET /~avats/img/Backdrop.jpg HTTP/1.1" 200 40560 "http://clabsql.clamv.jacobs-university.de/~avats/Info_for_sub_type.php" "Mozilla/5.0 (Macintosh; Intel Mac OS X 10_15_6) AppleWebKit/605.1.15 (KHTML, like Gecko) Version/14.0.1 Safari/605.1.15"

10.81.139.23 - - [13/Nov/2020:21:10:21 +0100] "POST /~avats/Info_for_sub_type.php HTTP/1.1" 200 1546 "http://clabsql.clamv.jacobs-university.de/~avats/Info_for_sub_type.php" "Mozilla/5.0 (Macintosh; Intel Mac OS X 10_15_7) AppleWebKit/537.36 (KHTML, like Gecko) Chrome/86.0.4240.111 Safari/537.36"

10.81.139.23 - - [13/Nov/2020:21:25:42 +0100] "POST /~avats/view_account_details.php HTTP/1.1" 200 2732 "http://clabsql.clamv.jacobs-university.de/~avats/view_account_details.php" "Mozilla/5.0 (Macintosh; Intel Mac OS X 10_15_7) AppleWebKit/537.36 (KHTML, like Gecko) Chrome/86.0.4240.111 Safari/537.36"

10.81.159.225 - - [12/Nov/2020:22:15:11 +0100] "POST /~avats/show_general_accounts.php HTTP/1.1" 200 2295 "http://clabsql.clamv.jacobs-university.de/~avats/show_general_accounts.php" "Mozilla/5.0 (Macintosh; Intel Mac OS X 10_15_7) AppleWebKit/605.1.15 (KHTML, like Gecko) Version/14.0 Safari/605.1.15"

10.81.161.56 - - [13/Nov/2020:21:15:16 +0100] "GET /~avats/admin_login.php?status=sign_in_required HTTP/1.1" 200 2262 "http://clabsql.clamv.jacobs-university.de/~avats/show_general_accounts.php" "Mozilla/5.0 (Windows NT 10.0; Win64; x64) AppleWebKit/537.36 (KHTML, like Gecko) Chrome/86.0.4240.193 Safari/537.36"

10.81.159.225 - - [11/Nov/2020:09:21:57 +0100] "GET /~avats/software_suites.php HTTP/1.1" 200 3193 "http://clabsql.clamv.jacobs-university.de/~avats/general_account.php" "Mozilla/5.0 (Macintosh; Intel Mac OS X 10_15_7) AppleWebKit/605.1.15 (KHTML, like Gecko) Version/14.0 Safari/605.1.15"

10.81.161.56 - - [13/Nov/2020:21:02:28 +0100] "GET /~avats/maintenance.php HTTP/1.1" 302 2425 "http://clabsql.clamv.jacobs-university.de/~avats/" "Mozilla/5.0 (Windows NT 10.0; Win64; x64) AppleWebKit/537.36 (KHTML, like Gecko) Chrome/86.0.4240.193 Safari/537.36"

10.81.161.56 - - [13/Nov/2020:21:16:16 +0100] "GET /~avats/admin_login.php?status=sign_in_required HTTP/1.1" 200 2262 "http://clabsql.clamv.jacobs-university.de/~avats/view_account_details.php" "Mozilla/5.0 (Windows NT 10.0; Win64; x64) AppleWebKit/537.36 (KHTML, like Gecko) Chrome/86.0.4240.193 Safari/537.36"

10.222.130.225 - - [10/Nov/2020:19:30:54 +0100] "GET /~avats/search_pages.php HTTP/1.1" 200 2360 "http://clabsql.clamv.jacobs-university.de/~avats/admin_login.php?status=sign_in_required" "Mozilla/5.0 (Macintosh; Intel Mac OS X 10_15_7) AppleWebKit/537.36 (KHTML, like Gecko) Chrome/86.0.4240.111 Safari/537.36"

10.81.137.207 - - [11/Nov/2020:01:10:37 +0100] "POST /~avats/view_account_details.php HTTP/1.1" 200 2702 "http://clabsql.clamv.jacobs-university.de/~avats/view_account_details.php" "Mozilla/5.0 (X11; Linux x86_64) AppleWebKit/537.36 (KHTML, like Gecko) Chrome/85.0.4183.83 Safari/537.36"

10.81.139.23 - - [13/Nov/2020:21:29:52 +0100] "POST /~avats/view_account_details.php HTTP/1.1" 200 2832 "http://clabsql.clamv.jacobs-university.de/~avats/view_account_details.php" "Mozilla/5.0 (Macintosh; Intel Mac OS X 10_15_7) AppleWebKit/537.36 (KHTML, like Gecko) Chrome/86.0.4240.111 Safari/537.36"

10.81.139.23 - - [13/Nov/2020:21:25:44 +0100] "GET /~avats/search_pages.php HTTP/1.1" 200 2360 "http://clabsql.clamv.jacobs-university.de/~avats/view_account_details.php" "Mozilla/5.0 (Macintosh; Intel Mac OS X 10_15_7) AppleWebKit/537.36 (KHTML, like Gecko) Chrome/86.0.4240.111 Safari/537.36"

10.81.159.225 - - [11/Nov/2020:09:23:07 +0100] "GET /~avats/related_account.php HTTP/1.1" 200 6604 "http://clabsql.clamv.jacobs-university.de/~avats/maintenance.php" "Mozilla/5.0 (Macintosh; Intel Mac OS X 10_15_7) AppleWebKit/605.1.15 (KHTML, like Gecko) Version/14.0 Safari/605.1.15"

10.81.159.225 - - [11/Nov/2020:09:21:54 +0100] "GET /~avats/music_streaming.php HTTP/1.1" 200 2951 "http://clabsql.clamv.jacobs-university.de/~avats/general_account.php" "Mozilla/5.0 (Macintosh; Intel Mac OS X 10_15_7) AppleWebKit/605.1.15 (KHTML, like Gecko) Version/14.0 Safari/605.1.15"

10.81.159.225 - - [11/Nov/2020:09:23:04 +0100] "GET /~avats/maintenance.php HTTP/1.1" 200 2395 "http://clabsql.clamv.jacobs-university.de/~avats/related_account.php" "Mozilla/5.0 (Macintosh; Intel Mac OS X 10_15_7) AppleWebKit/605.1.15 (KHTML, like Gecko) Version/14.0 Safari/605.1.15"

10.81.161.56 - - [13/Nov/2020:21:16:16 +0100] "GET /~avats/maintenance.php HTTP/1.1" 302 2425 "http://clabsql.clamv.jacobs-university.de/~avats/view_account_details.php" "Mozilla/5.0 (Windows NT 10.0; Win64; x64) AppleWebKit/537.36 (KHTML, like Gecko) Chrome/86.0.4240.193 Safari/537.36"

10.81.159.225 - - [11/Nov/2020:09:21:52 +0100] "GET /~avats/maintenance.php HTTP/1.1" 200 2395 "http://clabsql.clamv.jacobs-university.de/~avats/video_streaming.php" "Mozilla/5.0 (Macintosh; Intel Mac OS X 10_15_7) AppleWebKit/605.1.15 (KHTML, like Gecko) Version/14.0 Safari/605.1.15"

10.81.137.207 - - [11/Nov/2020:01:09:13 +0100] "POST /~avats/show_general_accounts.php HTTP/1.1" 200 2258 "http://clabsql.clamv.jacobs-university.de/~avats/show_general_accounts.php" "Mozilla/5.0 (X11; Linux x86_64) AppleWebKit/537.36 (KHTML, like Gecko) Chrome/85.0.4183.83 Safari/537.36"

10.81.137.207 - - [11/Nov/2020:01:10:24 +0100] "GET /~avats/search_pages.php HTTP/1.1" 200 2330 "http://clabsql.clamv.jacobs-university.de/~avats/show_general_accounts.php" "Mozilla/5.0 (X11; Linux x86_64) AppleWebKit/537.36 (KHTML, like Gecko) Chrome/85.0.4183.83 Safari/537.36"

10.81.137.207 - - [11/Nov/2020:01:10:50 +0100] "GET /~avats/maintenance.php HTTP/1.1" 302 2425 "http://clabsql.clamv.jacobs-university.de/~avats/index.php" "Mozilla/5.0 (X11; Linux x86_64) AppleWebKit/537.36 (KHTML, like Gecko) Chrome/85.0.4183.83 Safari/537.36"

10.81.159.225 - - [12/Nov/2020:22:16:31 +0100] "GET /~avats/Info_for_sub_type.php HTTP/1.1" 200 2852 "http://clabsql.clamv.jacobs-university.de/~avats/search_pages.php" "Mozilla/5.0 (Macintosh; Intel Mac OS X 10_15_7) AppleWebKit/605.1.15 (KHTML, like Gecko) Version/14.0 Safari/605.1.15"

10.81.159.225 - - [12/Nov/2020:22:14:56 +0100] "GET /~avats/search_pages.php HTTP/1.1" 200 2360 "http://clabsql.clamv.jacobs-university.de/~avats/show_general_accounts.php" "Mozilla/5.0 (Macintosh; Intel Mac OS X 10_15_7) AppleWebKit/605.1.15 (KHTML, like Gecko) Version/14.0 Safari/605.1.15"

10.81.137.207 - - [11/Nov/2020:01:13:01 +0100] "GET /~avats/search_pages.php HTTP/1.1" 200 2360 "http://clabsql.clamv.jacobs-university.de/~avats/admin_login.php?status=sign_in_required" "Mozilla/5.0 (X11; Linux x86_64) AppleWebKit/537.36 (KHTML, like Gecko) Chrome/85.0.4183.83 Safari/537.36"

10.81.159.225 - - [10/Nov/2020:16:03:24 +0100] "GET /~avats/maintenance.php HTTP/1.1" 200 2395 "http://clabsql.clamv.jacobs-university.de/~avats/admin_login.php?status=sign_in_required" "Mozilla/5.0 (Macintosh; Intel Mac OS X 10_15_7) AppleWebKit/605.1.15 (KHTML, like Gecko) Version/14.0 Safari/605.1.15"

10.81.139.23 - - [13/Nov/2020:21:19:29 +0100] "GET /favicon.ico HTTP/1.1" 200 302 "http://clabsql.clamv.jacobs-university.de/~avats/view_account_details.php" "Mozilla/5.0 (Macintosh; Intel Mac OS X 10_15_7) AppleWebKit/537.36 (KHTML, like Gecko) Chrome/86.0.4240.111 Safari/537.36"

10.81.161.56 - - [13/Nov/2020:21:04:41 +0100] "GET /~avats/logout.php HTTP/1.1" 302 - "http://clabsql.clamv.jacobs-university.de/~avats/maintenance.php" "Mozilla/5.0 (Windows NT 10.0; Win64; x64) AppleWebKit/537.36 (KHTML, like Gecko) Chrome/86.0.4240.193 Safari/537.36"

10.81.161.56 - - [13/Nov/2020:21:13:22 +0100] "POST /~avats/view_account_details.php HTTP/1.1" 200 2126 "http://clabsql.clamv.jacobs-university.de/~avats/view_account_details.php" "Mozilla/5.0 (Windows NT 10.0; Win64; x64) AppleWebKit/537.36 (KHTML, like Gecko) Chrome/86.0.4240.193 Safari/537.36"

10.81.139.23 - - [13/Nov/2020:21:24:01 +0100] "POST /~avats/view_account_details.php HTTP/1.1" 200 2732 "http://clabsql.clamv.jacobs-university.de/~avats/view_account_details.php" "Mozilla/5.0 (Macintosh; Intel Mac OS X 10_15_7) AppleWebKit/537.36 (KHTML, like Gecko) Chrome/86.0.4240.111 Safari/537.36"

10.81.139.23 - - [13/Nov/2020:21:19:29 +0100] "POST /~avats/view_account_details.php HTTP/1.1" 200 2126 "http://clabsql.clamv.jacobs-university.de/~avats/view_account_details.php" "Mozilla/5.0 (Macintosh; Intel Mac OS X 10_15_7) AppleWebKit/537.36 (KHTML, like Gecko) Chrome/86.0.4240.111 Safari/537.36"

10.81.161.56 - - [13/Nov/2020:21:15:06 +0100] "GET /~avats/show_general_accounts.php HTTP/1.1" 200 2117 "http://clabsql.clamv.jacobs-university.de/~avats/search_pages.php" "Mozilla/5.0 (Windows NT 10.0; Win64; x64) AppleWebKit/537.36 (KHTML, like Gecko) Chrome/86.0.4240.193 Safari/537.36"

10.81.137.207 - - [11/Nov/2020:01:13:14 +0100] "GET /~avats/index.php HTTP/1.1" 200 2812 "http://clabsql.clamv.jacobs-university.de/~avats/admin_login.php?status=sign_in_required" "Mozilla/5.0 (X11; Linux x86_64) AppleWebKit/537.36 (KHTML, like Gecko) Chrome/85.0.4183.83 Safari/537.36"

10.81.161.56 - - [13/Nov/2020:21:02:28 +0100] "GET /~avats/admin_login.php?status=sign_in_required HTTP/1.1" 200 2262 "http://clabsql.clamv.jacobs-university.de/~avats/" "Mozilla/5.0 (Windows NT 10.0; Win64; x64) AppleWebKit/537.36 (KHTML, like Gecko) Chrome/86.0.4240.193 Safari/537.36"

10.81.159.225 - - [13/Nov/2020:14:12:46 +0100] "GET /~avats/search_pages.php HTTP/1.1" 200 2360 "http://clabsql.clamv.jacobs-university.de/~avats/admin_login.php?status=sign_in_required" "Mozilla/5.0 (Macintosh; Intel Mac OS X 10_15_6) AppleWebKit/605.1.15 (KHTML, like Gecko) Version/14.0.1 Safari/605.1.15"

10.222.130.225 - - [10/Nov/2020:19:30:47 +0100] "GET /~avats/admin_login.php?status=sign_in_required HTTP/1.1" 200 2262 "http://clabsql.clamv.jacobs-university.de/~avats/index.php" "Mozilla/5.0 (Macintosh; Intel Mac OS X 10_15_7) AppleWebKit/537.36 (KHTML, like Gecko) Chrome/86.0.4240.111 Safari/537.36"

10.81.137.207 - - [11/Nov/2020:01:07:03 +0100] "GET /~avats/admin_login.php?status=sign_in_required HTTP/1.1" 200 2262 "-" "Mozilla/5.0 (X11; Linux x86_64) AppleWebKit/537.36 (KHTML, like Gecko) Chrome/85.0.4183.83 Safari/537.36"

10.222.130.225 - - [10/Nov/2020:19:29:08 +0100] "GET /~avats/maintenance.php HTTP/1.1" 200 2395 "http://clabsql.clamv.jacobs-university.de/~avats/admin_login.php?status=sign_in_required" "Mozilla/5.0 (Macintosh; Intel Mac OS X 10_15_7) AppleWebKit/537.36 (KHTML, like Gecko) Chrome/86.0.4240.111 Safari/537.36"

10.81.139.23 - - [13/Nov/2020:21:20:50 +0100] "GET /~avats/show_general_accounts.php HTTP/1.1" 200 2117 "http://clabsql.clamv.jacobs-university.de/~avats/view_account_details.php" "Mozilla/5.0 (Macintosh; Intel Mac OS X 10_15_7) AppleWebKit/537.36 (KHTML, like Gecko) Chrome/86.0.4240.111 Safari/537.36"

10.81.159.225 - - [10/Nov/2020:16:03:13 +0100] "GET /~avats/maintenance.php HTTP/1.1" 302 2425 "-" "Mozilla/5.0 (Macintosh; Intel Mac OS X 10_15_7) AppleWebKit/605.1.15 (KHTML, like Gecko) Version/14.0 Safari/605.1.15"

10.81.139.23 - - [13/Nov/2020:21:16:38 +0100] "POST /~avats/show_general_accounts.php HTTP/1.1" 200 2284 "http://clabsql.clamv.jacobs-university.de/~avats/show_general_accounts.php" "Mozilla/5.0 (Macintosh; Intel Mac OS X 10_15_7) AppleWebKit/537.36 (KHTML, like Gecko) Chrome/86.0.4240.111 Safari/537.36"

10.81.159.225 - - [11/Nov/2020:09:23:02 +0100] "GET /~avats/success.php HTTP/1.1" 404 1227 "http://clabsql.clamv.jacobs-university.de/~avats/related_account.php" "Mozilla/5.0 (Macintosh; Intel Mac OS X 10_15_7) AppleWebKit/605.1.15 (KHTML, like Gecko) Version/14.0 Safari/605.1.15"

10.222.130.225 - - [10/Nov/2020:19:27:02 +0100] "GET /~avats/maintenance.php HTTP/1.1" 302 2425 "http://clabsql.clamv.jacobs-university.de/~avats/admin_login.php?status=sign_in_required" "Mozilla/5.0 (Macintosh; Intel Mac OS X 10_15_7) AppleWebKit/537.36 (KHTML, like Gecko) Chrome/86.0.4240.111 Safari/537.36"

10.81.161.56 - - [13/Nov/2020:21:15:41 +0100] "POST /~avats/view_account_details.php HTTP/1.1" 200 2732 "http://clabsql.clamv.jacobs-university.de/~avats/view_account_details.php" "Mozilla/5.0 (Windows NT 10.0; Win64; x64) AppleWebKit/537.36 (KHTML, like Gecko) Chrome/86.0.4240.193 Safari/537.36"

10.81.159.225 - - [10/Nov/2020:16:03:13 +0100] "GET /~avats/img/logo.png HTTP/1.1" 200 278589 "http://clabsql.clamv.jacobs-university.de/~avats/admin_login.php?status=sign_in_required" "Mozilla/5.0 (Macintosh; Intel Mac OS X 10_15_7) AppleWebKit/605.1.15 (KHTML, like Gecko) Version/14.0 Safari/605.1.15"

10.81.139.23 - - [13/Nov/2020:21:16:58 +0100] "GET /~avats/show_general_accounts.php HTTP/1.1" 200 2117 "http://clabsql.clamv.jacobs-university.de/~avats/view_account_details.php" "Mozilla/5.0 (Macintosh; Intel Mac OS X 10_15_7) AppleWebKit/537.36 (KHTML, like Gecko) Chrome/86.0.4240.111 Safari/537.36"

10.222.130.225 - - [10/Nov/2020:19:30:45 +0100] "GET /~avats/index.php HTTP/1.1" 200 2812 "http://clabsql.clamv.jacobs-university.de/~avats/maintenance.php" "Mozilla/5.0 (Macintosh; Intel Mac OS X 10_15_7) AppleWebKit/537.36 (KHTML, like Gecko) Chrome/86.0.4240.111 Safari/537.36"

10.81.137.207 - - [11/Nov/2020:01:10:45 +0100] "GET /~avats/view_account_details.php HTTP/1.1" 200 2469 "http://clabsql.clamv.jacobs-university.de/~avats/search_pages.php" "Mozilla/5.0 (X11; Linux x86_64) AppleWebKit/537.36 (KHTML, like Gecko) Chrome/85.0.4183.83 Safari/537.36"

10.81.161.56 - - [13/Nov/2020:21:15:20 +0100] "GET /~avats/view_account_details.php HTTP/1.1" 200 2499 "http://clabsql.clamv.jacobs-university.de/~avats/search_pages.php" "Mozilla/5.0 (Windows NT 10.0; Win64; x64) AppleWebKit/537.36 (KHTML, like Gecko) Chrome/86.0.4240.193 Safari/537.36"

10.81.137.207 - - [11/Nov/2020:01:10:50 +0100] "GET /~avats/admin_login.php?status=sign_in_required HTTP/1.1" 200 2262 "http://clabsql.clamv.jacobs-university.de/~avats/index.php" "Mozilla/5.0 (X11; Linux x86_64) AppleWebKit/537.36 (KHTML, like Gecko) Chrome/85.0.4183.83 Safari/537.36"

10.81.139.23 - - [13/Nov/2020:21:17:07 +0100] "GET /~avats/view_account_details.php HTTP/1.1" 200 2499 "http://clabsql.clamv.jacobs-university.de/~avats/search_pages.php" "Mozilla/5.0 (Macintosh; Intel Mac OS X 10_15_7) AppleWebKit/537.36 (KHTML, like Gecko) Chrome/86.0.4240.111 Safari/537.36"

10.81.161.56 - - [13/Nov/2020:21:13:45 +0100] "POST /~avats/view_account_details.php HTTP/1.1" 200 2732 "http://clabsql.clamv.jacobs-university.de/~avats/view_account_details.php" "Mozilla/5.0 (Windows NT 10.0; Win64; x64) AppleWebKit/537.36 (KHTML, like Gecko) Chrome/86.0.4240.193 Safari/537.36"

10.81.159.225 - - [10/Nov/2020:16:03:24 +0100] "POST /~avats/admin_login.php?status=sign_in_required HTTP/1.1" 302 2182 "http://clabsql.clamv.jacobs-university.de/~avats/admin_login.php?status=sign_in_required" "Mozilla/5.0 (Macintosh; Intel Mac OS X 10_15_7) AppleWebKit/605.1.15 (KHTML, like Gecko) Version/14.0 Safari/605.1.15"

10.81.139.23 - - [13/Nov/2020:21:10:22 +0100] "POST /~avats/single_row.php HTTP/1.1" 200 2245 "http://clabsql.clamv.jacobs-university.de/~avats/Info_for_sub_type.php" "Mozilla/5.0 (Macintosh; Intel Mac OS X 10_15_7) AppleWebKit/537.36 (KHTML, like Gecko) Chrome/86.0.4240.111 Safari/537.36"

10.81.139.23 - - [13/Nov/2020:21:10:18 +0100] "GET /~avats/search_pages.php HTTP/1.1" 200 2330 "http://clabsql.clamv.jacobs-university.de/~avats/maintenance.php" "Mozilla/5.0 (Macintosh; Intel Mac OS X 10_15_7) AppleWebKit/537.36 (KHTML, like Gecko) Chrome/86.0.4240.111 Safari/537.36"

10.81.139.23 - - [13/Nov/2020:21:17:05 +0100] "GET /~avats/show_general_accounts.php HTTP/1.1" 200 2117 "http://clabsql.clamv.jacobs-university.de/~avats/view_account_details.php" "Mozilla/5.0 (Macintosh; Intel Mac OS X 10_15_7) AppleWebKit/537.36 (KHTML, like Gecko) Chrome/86.0.4240.111 Safari/537.36"

10.222.131.65 - - [13/Nov/2020:12:18:58 +0100] "GET /~avats/layout_logged_in.html HTTP/1.1" 404 1006 "-" "Mozilla/5.0 (X11; Linux x86_64) AppleWebKit/537.36 (KHTML, like Gecko) Chrome/86.0.4240.193 Safari/537.36"

10.81.159.225 - - [12/Nov/2020:22:15:22 +0100] "POST /~avats/show_general_accounts.php HTTP/1.1" 200 2003 "http://clabsql.clamv.jacobs-university.de/~avats/show_general_accounts.php" "Mozilla/5.0 (Macintosh; Intel Mac OS X 10_15_7) AppleWebKit/605.1.15 (KHTML, like Gecko) Version/14.0 Safari/605.1.15"

10.81.137.207 - - [11/Nov/2020:01:08:45 +0100] "POST /~avats/view_account_details.php HTTP/1.1" 200 2096 "http://clabsql.clamv.jacobs-university.de/~avats/view_account_details.php" "Mozilla/5.0 (X11; Linux x86_64) AppleWebKit/537.36 (KHTML, like Gecko) Chrome/85.0.4183.83 Safari/537.36"

10.81.161.56 - - [13/Nov/2020:21:13:53 +0100] "GET /~avats/view_account_details.php HTTP/1.1" 200 2499 "http://clabsql.clamv.jacobs-university.de/~avats/search_pages.php" "Mozilla/5.0 (Windows NT 10.0; Win64; x64) AppleWebKit/537.36 (KHTML, like Gecko) Chrome/86.0.4240.193 Safari/537.36"

10.81.139.23 - - [13/Nov/2020:21:16:25 +0100] "GET /~avats/search_pages.php HTTP/1.1" 200 2360 "http://clabsql.clamv.jacobs-university.de/~avats/admin_login.php?status=sign_in_required" "Mozilla/5.0 (Macintosh; Intel Mac OS X 10_15_7) AppleWebKit/537.36 (KHTML, like Gecko) Chrome/86.0.4240.111 Safari/537.36"

10.222.130.225 - - [10/Nov/2020:19:27:01 +0100] "GET /~avats/maintenance.php HTTP/1.1" 302 2425 "http://clabsql.clamv.jacobs-university.de/~avats/admin_login.php?status=sign_in_required" "Mozilla/5.0 (Macintosh; Intel Mac OS X 10_15_7) AppleWebKit/537.36 (KHTML, like Gecko) Chrome/86.0.4240.111 Safari/537.36"

10.81.159.225 - - [12/Nov/2020:22:12:29 +0100] "GET /~avats/search_pages.php HTTP/1.1" 200 2360 "http://clabsql.clamv.jacobs-university.de/~avats/admin_login.php?status=sign_in_required" "Mozilla/5.0 (Macintosh; Intel Mac OS X 10_15_7) AppleWebKit/605.1.15 (KHTML, like Gecko) Version/14.0 Safari/605.1.15"

10.81.139.23 - - [13/Nov/2020:21:02:26 +0100] "GET /~avats/admin_login.php?status=sign_in_required HTTP/1.1" 200 2262 "-" "Mozilla/5.0 (Macintosh; Intel Mac OS X 10_15_7) AppleWebKit/537.36 (KHTML, like Gecko) Chrome/86.0.4240.111 Safari/537.36"

10.81.159.225 - - [13/Nov/2020:14:12:39 +0100] "GET /~avats/index.php HTTP/1.1" 200 2812 "http://clabsql.clamv.jacobs-university.de/~avats/Info_for_sub_type.php" "Mozilla/5.0 (Macintosh; Intel Mac OS X 10_15_6) AppleWebKit/605.1.15 (KHTML, like Gecko) Version/14.0.1 Safari/605.1.15"

10.81.161.56 - - [13/Nov/2020:21:15:02 +0100] "POST /~avats/view_account_details.php HTTP/1.1" 200 2732 "http://clabsql.clamv.jacobs-university.de/~avats/view_account_details.php" "Mozilla/5.0 (Windows NT 10.0; Win64; x64) AppleWebKit/537.36 (KHTML, like Gecko) Chrome/86.0.4240.193 Safari/537.36"

